[Licensing::Module] Trying to connect to existing licensing client channel...
Built from '6000.5/staging' branch; Version is '6000.5.8f1 (5cb7df797b7d) revision 6076383'; Using compiler version '194234433'; Build Type 'Release'
[Licensing::IpcConnector] Successfully connected to: "LicenseClient-diego" at "2026-08-22T01:39:10.3136072Z"
OS: 'Windows 11  (10.0.26200) Professional' Language: 'en' Physical Memory: 20373 MB
BatchMode: 1, IsHumanControllingUs: 0, StartBugReporterOnCrash: 0, Is64bit: 1
System  architecture: x64
Process architecture: x64
Date: 2026-08-22T01:39:10Z

COMMAND LINE ARGUMENTS:
C:\Program Files\Unity\Hub\Editor\6000.5.8f1\Editor\Unity.exe
-adb2
-batchMode
-noUpm
-name
AssetImportWorkerHW0
-projectPath
C:/Users/diego/OneDrive/Documentos/GitHub/TP-Inicial---Me-quedo-o-me-voy/Me quedo o me voy
-logFile
Logs/AssetImportWorkerHW0.log
-srvPort
50690
-parentPid
28852
-analyticsCloudUserId
anonymous
-analyticsCloudProjectId
7e9553de-eb65-4ff0-8bd1-b0d58885f18e
-analyticsLocalProjectId
529aebac4471de44c997bc5435dd745b
-editorAnalyticsEnabled
1
-cbmEditorLicense
8f54ceb502acc956019a471163f97363b3e9c222
-cbmMachineId
SqA/XvkXO4pUJBp2v7ARfaTLiXo=
-licensingIpc
LicenseClient-diego
-noDiagnosticSwitchPersistentStore
-job-worker-count
5
-background-job-worker-count
8
-asset-garbage-collectors
1
-force-d3d12
-name
AssetImport
Successfully changed project path to: C:/Users/diego/OneDrive/Documentos/GitHub/TP-Inicial---Me-quedo-o-me-voy/Me quedo o me voy
C:/Users/diego/OneDrive/Documentos/GitHub/TP-Inicial---Me-quedo-o-me-voy/Me quedo o me voy
[UnityMemory] Configuration Parameters - Can be set up in boot.config
    "memorysetup-temp-allocator-size-gi-baking-worker=262144"
    "memorysetup-temp-allocator-size-gi-baking-worker=262144"
    "memorysetup-temp-allocator-size-gi-baking-worker=262144"
    "memorysetup-temp-allocator-size-gi-baking-worker=262144"
    "memorysetup-temp-allocator-size-gi-baking-worker=262144"
    "memorysetup-temp-allocator-size-nav-mesh-worker=65536"
    "memorysetup-temp-allocator-size-audio-worker=65536"
    "memorysetup-temp-allocator-size-cloud-worker=32768"
    "memorysetup-temp-allocator-size-gfx=262144"
    "memorysetup-temp-allocator-size-preload-manager=33554432"
    "memorysetup-allocator-temp-initial-block-size-main=262144"
    "memorysetup-allocator-temp-initial-block-size-worker=262144"
    "memorysetup-temp-allocator-size-job-worker=262144"
    "memorysetup-temp-allocator-size-background-worker=32768"
    "memorysetup-bucket-allocator-granularity=16"
    "memorysetup-bucket-allocator-bucket-count=8"
    "memorysetup-bucket-allocator-block-size=33554432"
    "memorysetup-bucket-allocator-block-count=8"
    "memorysetup-main-allocator-block-size=16777216"
    "memorysetup-thread-allocator-block-size=16777216"
    "memorysetup-main-allocator-mimalloc-enabled=0"
    "memorysetup-gfx-main-allocator-block-size=16777216"
    "memorysetup-gfx-thread-allocator-block-size=16777216"
    "memorysetup-cache-allocator-block-size=4194304"
    "memorysetup-typetree-allocator-block-size=2097152"
    "memorysetup-profiler-bucket-allocator-granularity=16"
    "memorysetup-profiler-bucket-allocator-bucket-count=8"
    "memorysetup-profiler-bucket-allocator-block-size=33554432"
    "memorysetup-profiler-bucket-allocator-block-count=8"
    "memorysetup-profiler-allocator-block-size=16777216"
    "memorysetup-profiler-editor-allocator-block-size=1048576"
    "memorysetup-temp-allocator-size-main=16777216"
    "memorysetup-job-temp-allocator-block-size=2097152"
    "memorysetup-job-temp-allocator-block-size-background=1048576"
    "memorysetup-job-temp-allocator-reduction-small-platforms=262144"
Player connection [14748]  Target information:

Player connection [14748]  * "[IP] 169.254.13.135 [Port] 0 [Flags] 2 [Guid] 1103559739 [EditorId] 1103559739 [Version] 1048832 [Id] WindowsEditor(7,DiegoPC) [Debug] 1 [PackageName] WindowsEditor [ProjectName] Editor" 

Player connection [14748]  * "[IP] 192.168.1.7 [Port] 0 [Flags] 2 [Guid] 1103559739 [EditorId] 1103559739 [Version] 1048832 [Id] WindowsEditor(7,DiegoPC) [Debug] 1 [PackageName] WindowsEditor [ProjectName] Editor" 

Player connection [14748] Host joined multi-casting on [225.0.0.222:54997]...
Player connection [14748] Host joined alternative multi-casting on [225.0.0.222:34997]...
JobSystem: Creating JobQueue using job-worker-count value 5
Input System module state changed to: Initialized.
[Physics::Module] Initialized fallback backend.
[Physics::Module] Id: 0xdecafbad
Library Redirect Path: Library/
[Physics::Module] Selected backend.
[Physics::Module] Name: PhysX
[Physics::Module] Id: 0xf2b8ea05
[Physics::Module] SDK Version: 4.1.2
[Physics::Module] Integration Version: 1.0.0
[Physics::Module] Threading Mode: Multi-Threaded
Refreshing native plugins compatible for Editor in 6.12 ms, found 4 plugins.
Initialize engine version: 6000.5.8f1 (5cb7df797b7d)
[Subsystems] Discovering subsystems at path C:/Program Files/Unity/Hub/Editor/6000.5.8f1/Editor/Data/Resources/UnitySubsystems
[Subsystems] Discovering subsystems at path C:/Users/diego/OneDrive/Documentos/GitHub/TP-Inicial---Me-quedo-o-me-voy/Me quedo o me voy/Assets
Forcing GfxDevice: Direct3D 12
GfxDevice: creating device client; kGfxThreadingModeNonThreaded
d3d12: failed to query info queue interface (0x80004002).
Direct3D:
    Version:         Direct3D 12 [level 12.1]
    Renderer:        NVIDIA GeForce GTX 1050 (ID=0x1c81)
    Vendor:          NVIDIA
    VRAM:            1962 MB
    App VRAM Budget: 1667 MB
    Driver:          32.0.15.8266
Initialize mono
Mono path[0] = 'C:/Program Files/Unity/Hub/Editor/6000.5.8f1/Editor/Data/Managed'
Mono path[1] = 'C:/Program Files/Unity/Hub/Editor/6000.5.8f1/Editor/Data/BCLExtensions/runtime/netstandard2.1'
Mono path[2] = 'C:/Program Files/Unity/Hub/Editor/6000.5.8f1/Editor/Data/MonoBleedingEdge/lib/mono/unityjit-win32'
Mono config path = 'C:/Program Files/Unity/Hub/Editor/6000.5.8f1/Editor/Data/MonoBleedingEdge/etc'
Using monoOptions --debugger-agent=transport=dt_socket,embedding=1,server=y,suspend=n,address=127.0.0.1:56940
CodeReloadManager initialized
Begin MonoManager ReloadAssembly
Registering precompiled unity dll's ...
Register platform support module: C:/Program Files/Unity/Hub/Editor/6000.5.8f1/Editor/Data/PlaybackEngines/WebGLSupport/UnityEditor.WebGL.Extensions.dll
Register platform support module: C:/Program Files/Unity/Hub/Editor/6000.5.8f1/Editor/Data/PlaybackEngines/WindowsStandaloneSupport/UnityEditor.WindowsStandalone.Extensions.dll
Registered in 0.009581 seconds.
[Licensing::Client] Error: HandshakeResponse reported an error:
	ResponseCode: 505
	ResponseStatus: Unsupported protocol version '1.18.1'.
[Licensing::Module] Error: Failed to handshake to channel: "LicenseClient-diego"
[Licensing::IpcConnector] LicenseClient-diego channel disconnected successfully.
[Licensing::IpcConnector] Successfully connected to: "LicenseClient-diego-6000.5.8" at "2026-08-22T01:39:12.0607817Z"
[Licensing::Client] Code 10 while verifying Licensing Client signature (process Id: 29012, path: "C:/Program Files/Unity/Hub/Editor/6000.5.8f1/Editor/Data/Resources/Licensing/Client/Unity.Licensing.Client.exe")
[Licensing::Module] LicensingClient has failed validation; ignoring
[Licensing::Client] Handshaking with LicensingClient:
  Version:                 1.18.1+9fbee8e
  Session Id:              bb56ee7565d643cb8472d79a4abccff6
  Correlation Id:          4fd56990a730bc467e50b375a9e82214
  External correlation Id: 2964963439574450825
  Machine Id:              SqA/XvkXO4pUJBp2v7ARfaTLiXo=
[Licensing::Module] Successfully connected to LicensingClient on channel: "LicenseClient-diego-6000.5.8" (connect: 0.00s, validation: 0.00s, handshake: 0.01s)
[Licensing::IpcConnector] Successfully connected to: "LicenseClient-diego-6000.5.8-notifications" at "2026-08-22T01:39:12.0750381Z"
[Licensing::Module] Licensing Background thread has ended after 1.76s
Native extension for WindowsStandalone target not found
Native extension for WebGL target not found
Package Manager log level set to [2]
[Package Manager] Failed to launch server process. Reason: Unity was launched with the -noUpm command-line argument
[Package Manager] Unable to send message (not connected to server process).
[Package Manager] Cannot connect to Unity Package Manager local server
ScheduleIndexationOnStartup MainProcess:False IndexOnStartup:True
Mono: successfully reloaded assembly
- Finished resetting the current domain, in  1.118 seconds
Domain Reload Profiling: 2098ms
	BeginReloadAssembly (254ms)
	RebuildCommonClasses (8ms)
	RebuildNativeTypeToScriptingClass (35ms)
	initialDomainReloadingComplete (140ms)
	LoadAllAssembliesAndSetupDomain (541ms)
		LoadAssemblies (245ms)
		AnalyzeDomain (370ms)
			TypeCache.Refresh (366ms)
				TypeCache.ScanAssembly (334ms)
	FinalizeReload (1120ms)
		SetupLoadedEditorAssemblies (0ms)
			InitializePlatformSupportModulesInManaged (4ms)
			BeforeProcessingInitializeOnLoad (273ms)
			ProcessInitializeOnLoadAttributes (328ms)
			ProcessInitializeOnLoadMethodAttributes (391ms)
Initializing Unity extensions:
[Licensing::Client] Successfully resolved entitlement details
[Licensing::Module] License group:
  Id: 4674239151754-UnityPersXXXX
  Product: Unity Personal
  Type: Assigned
  Expiration: Unlimited
Curl error 3: URL rejected: Malformed input to a URL function
========================================================================
Worker process is ready to serve import requests
Import Worker Mode flag is 0x00
Begin MonoManager ReloadAssembly
Refreshing native plugins compatible for Editor in 2.96 ms, found 4 plugins.
Native extension for WindowsStandalone target not found
Native extension for WebGL target not found
[Package Manager] Failed to launch server process. Reason: Unity was launched with the -noUpm command-line argument
[Package Manager] Unable to send message (not connected to server process).
[Package Manager] Cannot connect to Unity Package Manager local server
Refreshing native plugins compatible for Editor in 2.89 ms, found 4 plugins.
[Package Manager] Failed to launch server process. Reason: Unity was launched with the -noUpm command-line argument
[Package Manager] Unable to send message (not connected to server process).
[Package Manager] Cannot connect to Unity Package Manager local server
ScheduleIndexationOnStartup MainProcess:False IndexOnStartup:True
Mono: successfully reloaded assembly
- Finished resetting the current domain, in  1.094 seconds
Domain Reload Profiling: 2675ms
	BeginReloadAssembly (338ms)
		DisableScriptedObjects (24ms)
		CreateAndSetChildDomain (47ms)
	RebuildCommonClasses (13ms)
	RebuildNativeTypeToScriptingClass (30ms)
	initialDomainReloadingComplete (114ms)
	LoadAllAssembliesAndSetupDomain (1086ms)
		LoadAssemblies (632ms)
		AnalyzeDomain (426ms)
			TypeCache.Refresh (298ms)
				TypeCache.ScanAssembly (274ms)
			BuildScriptInfoCaches (117ms)
			ResolveRequiredComponents (9ms)
	FinalizeReload (1095ms)
		SetupLoadedEditorAssemblies (0ms)
			InitializePlatformSupportModulesInManaged (3ms)
			BeforeProcessingInitializeOnLoad (133ms)
			ProcessInitializeOnLoadAttributes (370ms)
			ProcessInitializeOnLoadMethodAttributes (172ms)
			AfterProcessingInitializeOnLoad (13ms)
		AwakeInstancesAfterBackupRestoration (10ms)
AcceleratorClientConnectionCallback - disconnected - :0
Launched and connected shader compiler UnityShaderCompiler.exe after 0.02 seconds
Refreshing native plugins compatible for Editor in 3.92 ms, found 4 plugins.
Unloading 22 Unused Serialized files (Serialized files now loaded: 0)
Curl error 3: URL rejected: Malformed input to a URL function
Unloading 6627 unused Assets / (6.5 MB). Loaded Objects now: 7590.
Memory consumption went from 330.7 MB to 324.2 MB.
Total: 18.365600 ms (FindLiveObjects: 1.586100 ms CreateObjectMapping: 3.694100 ms MarkObjects: 8.289500 ms  DeleteObjects: 4.790600 ms)

========================================================================
Received Prepare
AcceleratorClientConnectionCallback - disconnected - :0
Refreshing native plugins compatible for Editor in 2.73 ms, found 4 plugins.
Unloading 22 Unused Serialized files (Serialized files now loaded: 0)
Unloading 22 unused Assets / (2.6 MB). Loaded Objects now: 7590.
Memory consumption went from 323.4 MB to 320.8 MB.
Total: 8.448800 ms (FindLiveObjects: 0.500900 ms CreateObjectMapping: 0.781700 ms MarkObjects: 6.473500 ms  DeleteObjects: 0.690400 ms)

Prepare: number of updated asset objects reloaded= 0
========================================================================
Received Import Request.
  Time of request: 2026-08-22T01:39:19.0092632Z
  Time since last request: 867619.6928449999541 seconds.
  importAddress: GUID: e1927dbfa7e97ee429f2a2a6c27dd86f - Path: Assets/POLY STYLE - Platformer Starter Pack/Platformer Starter Pack_URP/Prefabs/Environments/Tip_Board_2.prefab - Importer: ScriptedImporter/UnityEditor.QuickSearchModule:UnityEditor.Search:ASIAI0B
Importing 'GUID: e1927dbfa7e97ee429f2a2a6c27dd86f - Path: Assets/POLY STYLE - Platformer Starter Pack/Platformer Starter Pack_URP/Prefabs/Environments/Tip_Board_2.prefab - Importer: ScriptedImporter/UnityEditor.QuickSearchModule:UnityEditor.Search:ASIAI0B' with importer (ScriptedImporter : UnityEditor.QuickSearchModule:UnityEditor.Search:ASIAI0B)
Imported 'GUID: e1927dbfa7e97ee429f2a2a6c27dd86f' -> (Import Result ID: '9ce67239f86850af06b91ed7f6e48771') in 0.223 seconds [static and dynamic dependencies]. Details - ImportResultOutputID=27dd9985a123a6f92c23ccea5798a711 DependenciesID=670697ef06a5805f127cec993ca09f3c StaticDependenciesID=e9d9a345d30c135bb1f43b49495162ff 
Number of updated asset objects reloaded before import = 0
Number of asset objects unloaded after import = 11
========================================================================
Received Import Request.
  Time of request: 2026-08-22T01:39:19.2741865Z
  Time since last request: 0.0172548 seconds.
  importAddress: GUID: f09d76e28c315d442b4a6f6bc6ff9689 - Path: Assets/POLY STYLE - Platformer Starter Pack/Platformer Starter Pack_URP/Prefabs/Environments/Ground_E1.prefab - Importer: ScriptedImporter/UnityEditor.QuickSearchModule:UnityEditor.Search:ASIAI0B
Importing 'GUID: f09d76e28c315d442b4a6f6bc6ff9689 - Path: Assets/POLY STYLE - Platformer Starter Pack/Platformer Starter Pack_URP/Prefabs/Environments/Ground_E1.prefab - Importer: ScriptedImporter/UnityEditor.QuickSearchModule:UnityEditor.Search:ASIAI0B' with importer (ScriptedImporter : UnityEditor.QuickSearchModule:UnityEditor.Search:ASIAI0B)
Imported 'GUID: f09d76e28c315d442b4a6f6bc6ff9689' -> (Import Result ID: 'f83b02a13cb56c20a6a903608833c51a') in 0.040 seconds [static and dynamic dependencies]. Details - ImportResultOutputID=cc889fe47486e48b42e398841c4e76bd DependenciesID=1abb89dc73c315e5e5254f4430cc8bd3 StaticDependenciesID=3ac6d06e36a94c254e30bbe3c16ca948 
Number of updated asset objects reloaded before import = 0
Number of asset objects unloaded after import = 15
========================================================================
Received Import Request.
  Time of request: 2026-08-22T01:39:19.3441391Z
  Time since last request: 0.0001897 seconds.
  importAddress: GUID: 7cf5e34839f2a3f488f93e70b8585391 - Path: Assets/POLY STYLE - Platformer Starter Pack/Platformer Starter Pack_URP/Scene/DemoScene/Global Volume Profile.asset - Importer: ScriptedImporter/UnityEditor.QuickSearchModule:UnityEditor.Search:ASIAI0B
Importing 'GUID: 7cf5e34839f2a3f488f93e70b8585391 - Path: Assets/POLY STYLE - Platformer Starter Pack/Platformer Starter Pack_URP/Scene/DemoScene/Global Volume Profile.asset - Importer: ScriptedImporter/UnityEditor.QuickSearchModule:UnityEditor.Search:ASIAI0B' with importer (ScriptedImporter : UnityEditor.QuickSearchModule:UnityEditor.Search:ASIAI0B)
Imported 'GUID: 7cf5e34839f2a3f488f93e70b8585391' -> (Import Result ID: '62863037ea181a469a65b372e1e4e502') in 0.025 seconds [static and dynamic dependencies]. Details - ImportResultOutputID=b4f0e5fdbe42174e6c19cdcdb3d5abf1 DependenciesID=f5d9345bb4fa69c7e007d0cca1dc24c2 StaticDependenciesID=bad554a3abcec03883cc61164df1aa7d 
Number of updated asset objects reloaded before import = 0
Number of asset objects unloaded after import = 7
========================================================================
Received Import Request.
  Time of request: 2026-08-22T01:39:19.3972055Z
  Time since last request: 0.0013231 seconds.
  importAddress: GUID: d7490659138a0154da86c55a554012eb - Path: Assets/POLY STYLE - Platformer Starter Pack/Platformer Starter Pack_URP/Art/Materials/Environments/Ground-4.mat - Importer: ScriptedImporter/UnityEditor.QuickSearchModule:UnityEditor.Search:ASIAI0B
Importing 'GUID: d7490659138a0154da86c55a554012eb - Path: Assets/POLY STYLE - Platformer Starter Pack/Platformer Starter Pack_URP/Art/Materials/Environments/Ground-4.mat - Importer: ScriptedImporter/UnityEditor.QuickSearchModule:UnityEditor.Search:ASIAI0B' with importer (ScriptedImporter : UnityEditor.QuickSearchModule:UnityEditor.Search:ASIAI0B)
Imported 'GUID: d7490659138a0154da86c55a554012eb' -> (Import Result ID: '52b5ce00fdc14f8909da4843a1bb7b41') in 0.043 seconds [static and dynamic dependencies]. Details - ImportResultOutputID=80ca9f7bb30d6be5f835fde5297665be DependenciesID=2e6781423818c608d46ec552a84bbc68 StaticDependenciesID=d21dbbc0829c1df5c10d27084958ad39 
Number of updated asset objects reloaded before import = 0
Number of asset objects unloaded after import = 2
========================================================================
Received Import Request.
  Time of request: 2026-08-22T01:39:19.4604847Z
  Time since last request: 0.0006206 seconds.
  importAddress: GUID: 3b216635de9f13d4089e7d00f654c703 - Path: Assets/POLY STYLE - Platformer Starter Pack - Importer: ScriptedImporter/UnityEditor.QuickSearchModule:UnityEditor.Search:ASIAI0B
Importing 'GUID: 3b216635de9f13d4089e7d00f654c703 - Path: Assets/POLY STYLE - Platformer Starter Pack - Importer: ScriptedImporter/UnityEditor.QuickSearchModule:UnityEditor.Search:ASIAI0B' with importer (ScriptedImporter : UnityEditor.QuickSearchModule:UnityEditor.Search:ASIAI0B)
Imported 'GUID: 3b216635de9f13d4089e7d00f654c703' -> (Import Result ID: '2a5a15f2300ee3fabe96006275c0f771') in 0.011 seconds [static and dynamic dependencies]. Details - ImportResultOutputID=22d32b2fb5ee5a46b376161b827cc009 DependenciesID=aa80e5f1779d17854e290b068f29e245 StaticDependenciesID=68018a76af2c542eaeb40f4c3794c0a8 
Number of updated asset objects reloaded before import = 0
Number of asset objects unloaded after import = 1
========================================================================
Received Import Request.
  Time of request: 2026-08-22T01:39:19.4939679Z
  Time since last request: 0.0011665 seconds.
  importAddress: GUID: b842aee6341024f4589ba59ff0ddc909 - Path: Assets/POLY STYLE - Platformer Starter Pack/Platformer Starter Pack_URP/Prefabs/Environments/Ground_E2.prefab - Importer: ScriptedImporter/UnityEditor.QuickSearchModule:UnityEditor.Search:ASIAI0B
Importing 'GUID: b842aee6341024f4589ba59ff0ddc909 - Path: Assets/POLY STYLE - Platformer Starter Pack/Platformer Starter Pack_URP/Prefabs/Environments/Ground_E2.prefab - Importer: ScriptedImporter/UnityEditor.QuickSearchModule:UnityEditor.Search:ASIAI0B' with importer (ScriptedImporter : UnityEditor.QuickSearchModule:UnityEditor.Search:ASIAI0B)
Imported 'GUID: b842aee6341024f4589ba59ff0ddc909' -> (Import Result ID: '96e7598f36d6c99a80c137afe9501329') in 0.031 seconds [static and dynamic dependencies]. Details - ImportResultOutputID=d57462baca046a411f48d0a5a819e2ee DependenciesID=8755d6617d214a7f14426026b9b9f2cd StaticDependenciesID=7101283a0f9c734635ad9feae33a7eb8 
Number of updated asset objects reloaded before import = 0
Number of asset objects unloaded after import = 12
========================================================================
Received Import Request.
  Time of request: 2026-08-22T01:39:19.5485535Z
  Time since last request: 0.000506 seconds.
  importAddress: GUID: ba3eb6b685c0e0c4ba30d08ec22c45be - Path: Assets/POLY STYLE - Platformer Starter Pack/Platformer Starter Pack_URP/Prefabs/Environments/Tree_3.prefab - Importer: ScriptedImporter/UnityEditor.QuickSearchModule:UnityEditor.Search:ASIAI0B
Importing 'GUID: ba3eb6b685c0e0c4ba30d08ec22c45be - Path: Assets/POLY STYLE - Platformer Starter Pack/Platformer Starter Pack_URP/Prefabs/Environments/Tree_3.prefab - Importer: ScriptedImporter/UnityEditor.QuickSearchModule:UnityEditor.Search:ASIAI0B' with importer (ScriptedImporter : UnityEditor.QuickSearchModule:UnityEditor.Search:ASIAI0B)
Imported 'GUID: ba3eb6b685c0e0c4ba30d08ec22c45be' -> (Import Result ID: 'cac1a4da22b6c4eaa33926b62ef50827') in 0.034 seconds [static and dynamic dependencies]. Details - ImportResultOutputID=29ce4aa9aa58ff7bbbd81a438a6c5de9 DependenciesID=46ad5ab0152503009b7d4a37425355ca StaticDependenciesID=1f9c9443591090006e0ea6cf4bc6af35 
Number of updated asset objects reloaded before import = 0
Number of asset objects unloaded after import = 9
========================================================================
Received Import Request.
  Time of request: 2026-08-22T01:39:19.6040893Z
  Time since last request: 0.0003657 seconds.
  importAddress: GUID: a8aa1fcb3ef5b1843afd3311ea052a06 - Path: Assets/POLY STYLE - Platformer Starter Pack/Platformer Starter Pack_URP/Prefabs/Environments/Ground_C1.prefab - Importer: ScriptedImporter/UnityEditor.QuickSearchModule:UnityEditor.Search:ASIAI0B
Importing 'GUID: a8aa1fcb3ef5b1843afd3311ea052a06 - Path: Assets/POLY STYLE - Platformer Starter Pack/Platformer Starter Pack_URP/Prefabs/Environments/Ground_C1.prefab - Importer: ScriptedImporter/UnityEditor.QuickSearchModule:UnityEditor.Search:ASIAI0B' with importer (ScriptedImporter : UnityEditor.QuickSearchModule:UnityEditor.Search:ASIAI0B)
Imported 'GUID: a8aa1fcb3ef5b1843afd3311ea052a06' -> (Import Result ID: '1da26d2b968858e387adebcce2c93885') in 0.054 seconds [static and dynamic dependencies]. Details - ImportResultOutputID=12d985929d8e0692a2cfb32affe6d0ef DependenciesID=9f034d1641851a481f56d25280fc3e9e StaticDependenciesID=6f1a31673a2908c72b35f298dbf0e8c3 
Number of updated asset objects reloaded before import = 0
Number of asset objects unloaded after import = 15
========================================================================
Received Import Request.
  Time of request: 2026-08-22T01:39:19.6809713Z
  Time since last request: 0.0000473 seconds.
  importAddress: GUID: f630717f81f57464b8e873cba8340d98 - Path: Assets/POLY STYLE - Platformer Starter Pack/Platformer Starter Pack_URP/Art/Materials/Environments/Ground-2.mat - Importer: ScriptedImporter/UnityEditor.QuickSearchModule:UnityEditor.Search:ASIAI0B
Importing 'GUID: f630717f81f57464b8e873cba8340d98 - Path: Assets/POLY STYLE - Platformer Starter Pack/Platformer Starter Pack_URP/Art/Materials/Environments/Ground-2.mat - Importer: ScriptedImporter/UnityEditor.QuickSearchModule:UnityEditor.Search:ASIAI0B' with importer (ScriptedImporter : UnityEditor.QuickSearchModule:UnityEditor.Search:ASIAI0B)
Imported 'GUID: f630717f81f57464b8e873cba8340d98' -> (Import Result ID: '57c5e939595be50ef6c33cf50f55d26f') in 0.021 seconds [static and dynamic dependencies]. Details - ImportResultOutputID=9ad8ef219d7249a2fa083113a95a305c DependenciesID=3a8e96cdb2273c8ff79a846254afe7a3 StaticDependenciesID=10d87c10943f23df57182da11849b5a2 
Number of updated asset objects reloaded before import = 0
Number of asset objects unloaded after import = 2
========================================================================
Received Import Request.
  Time of request: 2026-08-22T01:39:19.722124Z
  Time since last request: 0.0017176 seconds.
  importAddress: GUID: 679bbe32338fbe8418aa52d1eb89c1b3 - Path: Assets/POLY STYLE - Platformer Starter Pack/Platformer Starter Pack_URP/Art - Importer: ScriptedImporter/UnityEditor.QuickSearchModule:UnityEditor.Search:ASIAI0B
Importing 'GUID: 679bbe32338fbe8418aa52d1eb89c1b3 - Path: Assets/POLY STYLE - Platformer Starter Pack/Platformer Starter Pack_URP/Art - Importer: ScriptedImporter/UnityEditor.QuickSearchModule:UnityEditor.Search:ASIAI0B' with importer (ScriptedImporter : UnityEditor.QuickSearchModule:UnityEditor.Search:ASIAI0B)
Imported 'GUID: 679bbe32338fbe8418aa52d1eb89c1b3' -> (Import Result ID: '91fc58ebabac87ff11d14008c2036c21') in 0.009 seconds [static and dynamic dependencies]. Details - ImportResultOutputID=74f97c3568ee539b03bf2385cdbd0cc9 DependenciesID=892eb794523b053b53889a3b1f4b997e StaticDependenciesID=f39104bb61736f978b6ed4fba3b0d836 
Number of updated asset objects reloaded before import = 0
Number of asset objects unloaded after import = 1
========================================================================
Received Import Request.
  Time of request: 2026-08-22T01:39:19.7482738Z
  Time since last request: 0.0007536 seconds.
  importAddress: GUID: dc137612af3d7c340b85e0aaa03477c1 - Path: Assets/POLY STYLE - Platformer Starter Pack/Readme.txt - Importer: ScriptedImporter/UnityEditor.QuickSearchModule:UnityEditor.Search:ASIAI0B
Importing 'GUID: dc137612af3d7c340b85e0aaa03477c1 - Path: Assets/POLY STYLE - Platformer Starter Pack/Readme.txt - Importer: ScriptedImporter/UnityEditor.QuickSearchModule:UnityEditor.Search:ASIAI0B' with importer (ScriptedImporter : UnityEditor.QuickSearchModule:UnityEditor.Search:ASIAI0B)
Imported 'GUID: dc137612af3d7c340b85e0aaa03477c1' -> (Import Result ID: '6b6c0a1900e3187bd2e40e480ff4dc27') in 0.015 seconds [static and dynamic dependencies]. Details - ImportResultOutputID=2f002359facf78bd05366ac8fcdadf01 DependenciesID=34862758b77608fb199b3eda3e478865 StaticDependenciesID=257a7638dcc3f56beac9bd4ad32d6f76 
Number of updated asset objects reloaded before import = 0
Number of asset objects unloaded after import = 1
========================================================================
Received Import Request.
  Time of request: 2026-08-22T01:39:19.780625Z
  Time since last request: 0.0013213 seconds.
  importAddress: GUID: 4a8e21d5c33334b11b34a596161b9360 - Path: Assets/POLY STYLE - Platformer Starter Pack/Platformer Starter Pack_URP/Settings/ForwardRenderer.asset - Importer: ScriptedImporter/UnityEditor.QuickSearchModule:UnityEditor.Search:ASIAI0B
Importing 'GUID: 4a8e21d5c33334b11b34a596161b9360 - Path: Assets/POLY STYLE - Platformer Starter Pack/Platformer Starter Pack_URP/Settings/ForwardRenderer.asset - Importer: ScriptedImporter/UnityEditor.QuickSearchModule:UnityEditor.Search:ASIAI0B' with importer (ScriptedImporter : UnityEditor.QuickSearchModule:UnityEditor.Search:ASIAI0B)
Imported 'GUID: 4a8e21d5c33334b11b34a596161b9360' -> (Import Result ID: 'afc65dee639bec6fe1554ebe01dfb61e') in 0.077 seconds [static and dynamic dependencies]. Details - ImportResultOutputID=e6dc37e8e3cdadd53252ddbf1df535ec DependenciesID=db72d3ee448ee34a02e9a85a3e84fef3 StaticDependenciesID=8607cff3956cdf76d0e22f38aaca2760 
Number of updated asset objects reloaded before import = 0
Number of asset objects unloaded after import = 2
========================================================================
Received Import Request.
  Time of request: 2026-08-22T01:39:19.8776914Z
  Time since last request: 0.000927 seconds.
  importAddress: GUID: 4caec93c49ab5b34593a7cdc71d23e05 - Path: Assets/POLY STYLE - Platformer Starter Pack/Platformer Starter Pack_URP/Prefabs/Environments/Ground_G1.prefab - Importer: ScriptedImporter/UnityEditor.QuickSearchModule:UnityEditor.Search:ASIAI0B
Importing 'GUID: 4caec93c49ab5b34593a7cdc71d23e05 - Path: Assets/POLY STYLE - Platformer Starter Pack/Platformer Starter Pack_URP/Prefabs/Environments/Ground_G1.prefab - Importer: ScriptedImporter/UnityEditor.QuickSearchModule:UnityEditor.Search:ASIAI0B' with importer (ScriptedImporter : UnityEditor.QuickSearchModule:UnityEditor.Search:ASIAI0B)
Imported 'GUID: 4caec93c49ab5b34593a7cdc71d23e05' -> (Import Result ID: '105bf6895d110141519c42fcaae0163b') in 0.025 seconds [static and dynamic dependencies]. Details - ImportResultOutputID=61d9724c6ab18b43f2fdf959d09f9a7f DependenciesID=c73ac0671cab3147e1b8637627f8c014 StaticDependenciesID=552d39d9857e7bd0acfbc200c49c706b 
Number of updated asset objects reloaded before import = 0
Number of asset objects unloaded after import = 12
========================================================================
Received Import Request.
  Time of request: 2026-08-22T01:39:19.9219462Z
  Time since last request: 0.0001311 seconds.
  importAddress: GUID: 2cfd87436f82f694cb1ed07e801a4415 - Path: Assets/POLY STYLE - Platformer Starter Pack/Platformer Starter Pack_URP/Prefabs/Environments/Props_11.prefab - Importer: ScriptedImporter/UnityEditor.QuickSearchModule:UnityEditor.Search:ASIAI0B
Importing 'GUID: 2cfd87436f82f694cb1ed07e801a4415 - Path: Assets/POLY STYLE - Platformer Starter Pack/Platformer Starter Pack_URP/Prefabs/Environments/Props_11.prefab - Importer: ScriptedImporter/UnityEditor.QuickSearchModule:UnityEditor.Search:ASIAI0B' with importer (ScriptedImporter : UnityEditor.QuickSearchModule:UnityEditor.Search:ASIAI0B)
Imported 'GUID: 2cfd87436f82f694cb1ed07e801a4415' -> (Import Result ID: 'aa388d977b3d0a7081278980f764de2c') in 0.034 seconds [static and dynamic dependencies]. Details - ImportResultOutputID=337639d954f2e5c9395a6f4c73f285ba DependenciesID=4badbebd36b402595822c84f70f5be91 StaticDependenciesID=ae1b81abcd6a2bea14c898556c92c2d6 
Number of updated asset objects reloaded before import = 0
Number of asset objects unloaded after import = 9
========================================================================
Received Import Request.
  Time of request: 2026-08-22T01:39:19.9758244Z
  Time since last request: 0.0013264 seconds.
  importAddress: GUID: 8e0a147d9af72a949bc3c30dff6603d6 - Path: Assets/POLY STYLE - Platformer Starter Pack/Platformer Starter Pack_URP/Prefabs/Environments/Bridge_A.prefab - Importer: ScriptedImporter/UnityEditor.QuickSearchModule:UnityEditor.Search:ASIAI0B
Importing 'GUID: 8e0a147d9af72a949bc3c30dff6603d6 - Path: Assets/POLY STYLE - Platformer Starter Pack/Platformer Starter Pack_URP/Prefabs/Environments/Bridge_A.prefab - Importer: ScriptedImporter/UnityEditor.QuickSearchModule:UnityEditor.Search:ASIAI0B' with importer (ScriptedImporter : UnityEditor.QuickSearchModule:UnityEditor.Search:ASIAI0B)
Imported 'GUID: 8e0a147d9af72a949bc3c30dff6603d6' -> (Import Result ID: 'f80d1fe7d74282ebc0eb3a1827cdf867') in 0.027 seconds [static and dynamic dependencies]. Details - ImportResultOutputID=a6ac4bde790693e8e8f9410d153f415b DependenciesID=d8c282dc325e39600df27fed08571a10 StaticDependenciesID=1f210d5590cfd0d8435da3db374a92f4 
Number of updated asset objects reloaded before import = 0
Number of asset objects unloaded after import = 15
========================================================================
Received Import Request.
  Time of request: 2026-08-22T01:39:20.027732Z
  Time since last request: 0.0000563 seconds.
  importAddress: GUID: 14f5723f491c5a64d914851138ec166c - Path: Assets/POLY STYLE - Platformer Starter Pack/Platformer Starter Pack_URP/Prefabs/Environments/Ground_B2.prefab - Importer: ScriptedImporter/UnityEditor.QuickSearchModule:UnityEditor.Search:ASIAI0B
Importing 'GUID: 14f5723f491c5a64d914851138ec166c - Path: Assets/POLY STYLE - Platformer Starter Pack/Platformer Starter Pack_URP/Prefabs/Environments/Ground_B2.prefab - Importer: ScriptedImporter/UnityEditor.QuickSearchModule:UnityEditor.Search:ASIAI0B' with importer (ScriptedImporter : UnityEditor.QuickSearchModule:UnityEditor.Search:ASIAI0B)
Imported 'GUID: 14f5723f491c5a64d914851138ec166c' -> (Import Result ID: '98b6d048568aa27c9ed3155e2a6e4780') in 0.022 seconds [static and dynamic dependencies]. Details - ImportResultOutputID=16045cf7fae9b418b83b62f593a7b273 DependenciesID=e810e5a297d9aefc0f72533a9f88c337 StaticDependenciesID=4894789783c1c372f56348fcb1208fa7 
Number of updated asset objects reloaded before import = 0
Number of asset objects unloaded after import = 12
========================================================================
Received Import Request.
  Time of request: 2026-08-22T01:39:20.0750832Z
  Time since last request: 0.000158 seconds.
  importAddress: GUID: f184ba4911fbaaa4195a4f967a69e3bf - Path: Assets/POLY STYLE - Platformer Starter Pack/Platformer Starter Pack_URP/Art/Meshes/DemoScene/DemoScene.fbx - Importer: ScriptedImporter/UnityEditor.QuickSearchModule:UnityEditor.Search:ASIAI0B
Importing 'GUID: f184ba4911fbaaa4195a4f967a69e3bf - Path: Assets/POLY STYLE - Platformer Starter Pack/Platformer Starter Pack_URP/Art/Meshes/DemoScene/DemoScene.fbx - Importer: ScriptedImporter/UnityEditor.QuickSearchModule:UnityEditor.Search:ASIAI0B' with importer (ScriptedImporter : UnityEditor.QuickSearchModule:UnityEditor.Search:ASIAI0B)
Imported 'GUID: f184ba4911fbaaa4195a4f967a69e3bf' -> (Import Result ID: '2f9b74c4a9e314e05f7fab2f932371ce') in 0.289 seconds [static and dynamic dependencies]. Details - ImportResultOutputID=ced68ddbc428f06c49631d6a5e369a4e DependenciesID=cb2c90ff9da2cc89a1a5dd3dc7fc9f78 StaticDependenciesID=2c3343386e961c9f33438979287b6cd0 
Number of updated asset objects reloaded before import = 0
Number of asset objects unloaded after import = 284
========================================================================
Received Import Request.
  Time of request: 2026-08-22T01:39:20.3848606Z
  Time since last request: 0.0000947 seconds.
  importAddress: GUID: 70bb87f4f30b2dc47ba571c163315f6b - Path: Assets/EscenarioInicial.unity - Importer: ScriptedImporter/UnityEditor.QuickSearchModule:UnityEditor.Search:ASIAI0B
Importing 'GUID: 70bb87f4f30b2dc47ba571c163315f6b - Path: Assets/EscenarioInicial.unity - Importer: ScriptedImporter/UnityEditor.QuickSearchModule:UnityEditor.Search:ASIAI0B' with importer (ScriptedImporter : UnityEditor.QuickSearchModule:UnityEditor.Search:ASIAI0B)
Imported 'GUID: 70bb87f4f30b2dc47ba571c163315f6b' -> (Import Result ID: '806f29873ffbc2a480bed4818716b21b') in 0.013 seconds [static and dynamic dependencies]. Details - ImportResultOutputID=5f67b6bf63dcec1fda2bc5340126a239 DependenciesID=57dff972c6b94eaf3c2c30528d204208 StaticDependenciesID=8df45eb60063eceefd62456d8454d084 
Number of updated asset objects reloaded before import = 0
Number of asset objects unloaded after import = 1
Curl error 6: Could not resolve host: config.uca.cloud.unity3d.com
Editor requested this worker to shutdown with reason: Scaling down because of idle timeout
AcceleratorClientConnectionCallback - disconnected - :0
AssetImportWorker is now disconnected from the server
Process exiting
Exiting without the bug reporter. Application will terminate with return code 0