[Licensing::Module] Trying to connect to existing licensing client channel...
Built from '6000.5/staging' branch; Version is '6000.5.8f1 (5cb7df797b7d) revision 6076383'; Using compiler version '194234433'; Build Type 'Release'
OS: 'Windows 11  (10.0.26200) Professional' Language: 'en' Physical Memory: 20373 MB
BatchMode: 1, IsHumanControllingUs: 0, StartBugReporterOnCrash: 0, Is64bit: 1
System  architecture: x64
Process architecture: x64
Date: 2026-08-22T01:39:19Z
[Licensing::IpcConnector] Successfully connected to: "LicenseClient-diego" at "2026-08-22T01:39:19.4791752Z"

COMMAND LINE ARGUMENTS:
C:\Program Files\Unity\Hub\Editor\6000.5.8f1\Editor\Unity.exe
-adb2
-batchMode
-noUpm
-name
AssetImportWorkerHW2
-projectPath
C:/Users/diego/OneDrive/Documentos/GitHub/TP-Inicial---Me-quedo-o-me-voy/Me quedo o me voy
-logFile
Logs/AssetImportWorkerHW2.log
-srvPort
50690
-parentPid
28852
-analyticsCloudUserId
4674239151754
-analyticsCloudProjectId
7e9553de-eb65-4ff0-8bd1-b0d58885f18e
-analyticsLocalProjectId
529aebac4471de44c997bc5435dd745b
-editorAnalyticsEnabled
1
-cbmEditorLicense
8f54ceb502acc956019a471163f97363b3e9c222
-cbmMachineId
SqA/XvkXO4pUJBp2v7ARfaTLiXo=
-licensingIpc
LicenseClient-diego
-noDiagnosticSwitchPersistentStore
-job-worker-count
5
-background-job-worker-count
8
-asset-garbage-collectors
1
-force-d3d12
-name
AssetImport
Successfully changed project path to: C:/Users/diego/OneDrive/Documentos/GitHub/TP-Inicial---Me-quedo-o-me-voy/Me quedo o me voy
C:/Users/diego/OneDrive/Documentos/GitHub/TP-Inicial---Me-quedo-o-me-voy/Me quedo o me voy
[UnityMemory] Configuration Parameters - Can be set up in boot.config
    "memorysetup-temp-allocator-size-gi-baking-worker=262144"
    "memorysetup-temp-allocator-size-gi-baking-worker=262144"
    "memorysetup-temp-allocator-size-gi-baking-worker=262144"
    "memorysetup-temp-allocator-size-gi-baking-worker=262144"
    "memorysetup-temp-allocator-size-gi-baking-worker=262144"
    "memorysetup-temp-allocator-size-nav-mesh-worker=65536"
    "memorysetup-temp-allocator-size-audio-worker=65536"
    "memorysetup-temp-allocator-size-cloud-worker=32768"
    "memorysetup-temp-allocator-size-gfx=262144"
    "memorysetup-temp-allocator-size-preload-manager=33554432"
    "memorysetup-allocator-temp-initial-block-size-main=262144"
    "memorysetup-allocator-temp-initial-block-size-worker=262144"
    "memorysetup-temp-allocator-size-job-worker=262144"
    "memorysetup-temp-allocator-size-background-worker=32768"
    "memorysetup-bucket-allocator-granularity=16"
    "memorysetup-bucket-allocator-bucket-count=8"
    "memorysetup-bucket-allocator-block-size=33554432"
    "memorysetup-bucket-allocator-block-count=8"
    "memorysetup-main-allocator-block-size=16777216"
    "memorysetup-thread-allocator-block-size=16777216"
    "memorysetup-main-allocator-mimalloc-enabled=0"
    "memorysetup-gfx-main-allocator-block-size=16777216"
    "memorysetup-gfx-thread-allocator-block-size=16777216"
    "memorysetup-cache-allocator-block-size=4194304"
    "memorysetup-typetree-allocator-block-size=2097152"
    "memorysetup-profiler-bucket-allocator-granularity=16"
    "memorysetup-profiler-bucket-allocator-bucket-count=8"
    "memorysetup-profiler-bucket-allocator-block-size=33554432"
    "memorysetup-profiler-bucket-allocator-block-count=8"
    "memorysetup-profiler-allocator-block-size=16777216"
    "memorysetup-profiler-editor-allocator-block-size=1048576"
    "memorysetup-temp-allocator-size-main=16777216"
    "memorysetup-job-temp-allocator-block-size=2097152"
    "memorysetup-job-temp-allocator-block-size-background=1048576"
    "memorysetup-job-temp-allocator-reduction-small-platforms=262144"
Player connection [17296]  Target information:

Player connection [17296]  * "[IP] 169.254.13.135 [Port] 0 [Flags] 2 [Guid] 1157439354 [EditorId] 1157439354 [Version] 1048832 [Id] WindowsEditor(7,DiegoPC) [Debug] 1 [PackageName] WindowsEditor [ProjectName] Editor" 

Player connection [17296]  * "[IP] 192.168.1.7 [Port] 0 [Flags] 2 [Guid] 1157439354 [EditorId] 1157439354 [Version] 1048832 [Id] WindowsEditor(7,DiegoPC) [Debug] 1 [PackageName] WindowsEditor [ProjectName] Editor" 

Player connection [17296] Host joined multi-casting on [225.0.0.222:54997]...
Player connection [17296] Host joined alternative multi-casting on [225.0.0.222:34997]...
JobSystem: Creating JobQueue using job-worker-count value 5
Input System module state changed to: Initialized.
[Physics::Module] Initialized fallback backend.
[Physics::Module] Id: 0xdecafbad
Library Redirect Path: Library/
[Physics::Module] Selected backend.
[Physics::Module] Name: PhysX
[Physics::Module] Id: 0xf2b8ea05
[Physics::Module] SDK Version: 4.1.2
[Physics::Module] Integration Version: 1.0.0
[Physics::Module] Threading Mode: Multi-Threaded
Refreshing native plugins compatible for Editor in 8.67 ms, found 4 plugins.
Initialize engine version: 6000.5.8f1 (5cb7df797b7d)
[Subsystems] Discovering subsystems at path C:/Program Files/Unity/Hub/Editor/6000.5.8f1/Editor/Data/Resources/UnitySubsystems
[Subsystems] Discovering subsystems at path C:/Users/diego/OneDrive/Documentos/GitHub/TP-Inicial---Me-quedo-o-me-voy/Me quedo o me voy/Assets
Forcing GfxDevice: Direct3D 12
GfxDevice: creating device client; kGfxThreadingModeNonThreaded
d3d12: failed to query info queue interface (0x80004002).
Direct3D:
    Version:         Direct3D 12 [level 12.1]
    Renderer:        NVIDIA GeForce GTX 1050 (ID=0x1c81)
    Vendor:          NVIDIA
    VRAM:            1962 MB
    App VRAM Budget: 1667 MB
    Driver:          32.0.15.8266
Initialize mono
Mono path[0] = 'C:/Program Files/Unity/Hub/Editor/6000.5.8f1/Editor/Data/Managed'
Mono path[1] = 'C:/Program Files/Unity/Hub/Editor/6000.5.8f1/Editor/Data/BCLExtensions/runtime/netstandard2.1'
Mono path[2] = 'C:/Program Files/Unity/Hub/Editor/6000.5.8f1/Editor/Data/MonoBleedingEdge/lib/mono/unityjit-win32'
Mono config path = 'C:/Program Files/Unity/Hub/Editor/6000.5.8f1/Editor/Data/MonoBleedingEdge/etc'
Using monoOptions --debugger-agent=transport=dt_socket,embedding=1,server=y,suspend=n,address=127.0.0.1:56856
CodeReloadManager initialized
Begin MonoManager ReloadAssembly
Registering precompiled unity dll's ...
Register platform support module: C:/Program Files/Unity/Hub/Editor/6000.5.8f1/Editor/Data/PlaybackEngines/WebGLSupport/UnityEditor.WebGL.Extensions.dll
Register platform support module: C:/Program Files/Unity/Hub/Editor/6000.5.8f1/Editor/Data/PlaybackEngines/WindowsStandaloneSupport/UnityEditor.WindowsStandalone.Extensions.dll
Registered in 0.003796 seconds.
[Licensing::Client] Error: HandshakeResponse reported an error:
	ResponseCode: 505
	ResponseStatus: Unsupported protocol version '1.18.1'.
[Licensing::Module] Error: Failed to handshake to channel: "LicenseClient-diego"
[Licensing::IpcConnector] LicenseClient-diego channel disconnected successfully.
[Licensing::IpcConnector] Successfully connected to: "LicenseClient-diego-6000.5.8" at "2026-08-22T01:39:21.2742493Z"
[Licensing::Client] Code 10 while verifying Licensing Client signature (process Id: 29012, path: "C:/Program Files/Unity/Hub/Editor/6000.5.8f1/Editor/Data/Resources/Licensing/Client/Unity.Licensing.Client.exe")
[Licensing::Module] LicensingClient has failed validation; ignoring
[Licensing::Client] Handshaking with LicensingClient:
  Version:                 1.18.1+9fbee8e
  Session Id:              f6e50c85a8d946bc956afbf27e143200
  Correlation Id:          4fd56990a730bc467e50b375a9e82214
  External correlation Id: 1630397911995454287
  Machine Id:              SqA/XvkXO4pUJBp2v7ARfaTLiXo=
[Licensing::Module] Successfully connected to LicensingClient on channel: "LicenseClient-diego-6000.5.8" (connect: 0.00s, validation: 0.00s, handshake: 0.01s)
[Licensing::IpcConnector] Successfully connected to: "LicenseClient-diego-6000.5.8-notifications" at "2026-08-22T01:39:21.2856346Z"
[Licensing::Module] Licensing Background thread has ended after 1.81s
Native extension for WindowsStandalone target not found
Native extension for WebGL target not found
Package Manager log level set to [2]
[Package Manager] Failed to launch server process. Reason: Unity was launched with the -noUpm command-line argument
[Package Manager] Unable to send message (not connected to server process).
[Package Manager] Cannot connect to Unity Package Manager local server
ScheduleIndexationOnStartup MainProcess:False IndexOnStartup:True
Mono: successfully reloaded assembly
- Finished resetting the current domain, in  0.677 seconds
Domain Reload Profiling: 1470ms
	BeginReloadAssembly (203ms)
	RebuildCommonClasses (10ms)
	RebuildNativeTypeToScriptingClass (31ms)
	initialDomainReloadingComplete (111ms)
	LoadAllAssembliesAndSetupDomain (436ms)
		LoadAssemblies (195ms)
		AnalyzeDomain (317ms)
			TypeCache.Refresh (316ms)
				TypeCache.ScanAssembly (297ms)
	FinalizeReload (679ms)
		SetupLoadedEditorAssemblies (0ms)
			InitializePlatformSupportModulesInManaged (3ms)
			BeforeProcessingInitializeOnLoad (131ms)
			ProcessInitializeOnLoadAttributes (138ms)
			ProcessInitializeOnLoadMethodAttributes (294ms)
Initializing Unity extensions:
[Licensing::Client] Successfully resolved entitlement details
[Licensing::Module] License group:
  Id: 4674239151754-UnityPersXXXX
  Product: Unity Personal
  Type: Assigned
  Expiration: Unlimited
Curl error 3: URL rejected: Malformed input to a URL function
========================================================================
Worker process is ready to serve import requests
Import Worker Mode flag is 0x00
Begin MonoManager ReloadAssembly
Refreshing native plugins compatible for Editor in 2.61 ms, found 4 plugins.
Native extension for WindowsStandalone target not found
Native extension for WebGL target not found
[Package Manager] Failed to launch server process. Reason: Unity was launched with the -noUpm command-line argument
[Package Manager] Unable to send message (not connected to server process).
[Package Manager] Cannot connect to Unity Package Manager local server
Refreshing native plugins compatible for Editor in 3.26 ms, found 4 plugins.
[Package Manager] Failed to launch server process. Reason: Unity was launched with the -noUpm command-line argument
[Package Manager] Unable to send message (not connected to server process).
[Package Manager] Cannot connect to Unity Package Manager local server
ScheduleIndexationOnStartup MainProcess:False IndexOnStartup:True
Mono: successfully reloaded assembly
- Finished resetting the current domain, in  1.075 seconds
Domain Reload Profiling: 2430ms
	BeginReloadAssembly (294ms)
		DisableScriptedObjects (16ms)
		CreateAndSetChildDomain (43ms)
	RebuildCommonClasses (12ms)
	RebuildNativeTypeToScriptingClass (24ms)
	initialDomainReloadingComplete (95ms)
	LoadAllAssembliesAndSetupDomain (927ms)
		LoadAssemblies (553ms)
		AnalyzeDomain (358ms)
			TypeCache.Refresh (236ms)
				TypeCache.ScanAssembly (218ms)
			BuildScriptInfoCaches (113ms)
			ResolveRequiredComponents (6ms)
	FinalizeReload (1078ms)
		SetupLoadedEditorAssemblies (0ms)
			InitializePlatformSupportModulesInManaged (3ms)
			BeforeProcessingInitializeOnLoad (132ms)
			ProcessInitializeOnLoadAttributes (390ms)
			ProcessInitializeOnLoadMethodAttributes (172ms)
			AfterProcessingInitializeOnLoad (12ms)
		AwakeInstancesAfterBackupRestoration (13ms)
AcceleratorClientConnectionCallback - disconnected - :0
Launched and connected shader compiler UnityShaderCompiler.exe after 0.01 seconds
Refreshing native plugins compatible for Editor in 2.72 ms, found 4 plugins.
Unloading 22 Unused Serialized files (Serialized files now loaded: 0)
Curl error 3: URL rejected: Malformed input to a URL function
Unloading 6627 unused Assets / (7.0 MB). Loaded Objects now: 7590.
Memory consumption went from 330.0 MB to 322.9 MB.
Total: 15.086200 ms (FindLiveObjects: 1.226900 ms CreateObjectMapping: 2.655700 ms MarkObjects: 6.018200 ms  DeleteObjects: 5.181400 ms)

Curl error 6: Could not resolve host: config.uca.cloud.unity3d.com
========================================================================
Received Prepare
AcceleratorClientConnectionCallback - disconnected - :0
Refreshing native plugins compatible for Editor in 3.09 ms, found 4 plugins.
Unloading 22 Unused Serialized files (Serialized files now loaded: 0)
Unloading 22 unused Assets / (2.6 MB). Loaded Objects now: 7590.
Memory consumption went from 322.6 MB to 320.0 MB.
Total: 9.683000 ms (FindLiveObjects: 0.520800 ms CreateObjectMapping: 0.914500 ms MarkObjects: 7.171300 ms  DeleteObjects: 1.073400 ms)

Prepare: number of updated asset objects reloaded= 0
========================================================================
Received Import Request.
  Time of request: 2026-08-22T01:54:37.3374975Z
  Time since last request: 868538.02107999997679 seconds.
  importAddress: GUID: 70bb87f4f30b2dc47ba571c163315f6b - Path: Assets/EscenarioInicial.unity - Importer: ScriptedImporter/UnityEditor.QuickSearchModule:UnityEditor.Search:ASIAI0B
Importing 'GUID: 70bb87f4f30b2dc47ba571c163315f6b - Path: Assets/EscenarioInicial.unity - Importer: ScriptedImporter/UnityEditor.QuickSearchModule:UnityEditor.Search:ASIAI0B' with importer (ScriptedImporter : UnityEditor.QuickSearchModule:UnityEditor.Search:ASIAI0B)
Imported 'GUID: 70bb87f4f30b2dc47ba571c163315f6b' -> (Import Result ID: 'fef2b79b788b217022c37c4d7639a801') in 0.137 seconds [static and dynamic dependencies]. Details - ImportResultOutputID=cd32664bde045fec13613c87e3871c20 DependenciesID=5559f6f7ab15f80eae4fe0344ba8f2ba StaticDependenciesID=5b635d71560cd91705c8a41477f7143b 
Number of updated asset objects reloaded before import = 0
Number of asset objects unloaded after import = 1
========================================================================
Received Import Request.
  Time of request: 2026-08-22T01:54:43.5612272Z
  Time since last request: 6.0718049 seconds.
  importAddress: GUID: 3b216635de9f13d4089e7d00f654c703 - Path: Assets/POLY STYLE - Platformer Starter Pack - Importer: PreviewImporter
Importing 'GUID: 3b216635de9f13d4089e7d00f654c703 - Path: Assets/POLY STYLE - Platformer Starter Pack - Importer: PreviewImporter' with importer (PreviewImporter)
Imported 'GUID: 3b216635de9f13d4089e7d00f654c703' -> (Import Result ID: '18909a6887f055bb5c6299aec6ca07fa') in 0.004 seconds [static and dynamic dependencies]. Details - ImportResultOutputID=5f38d68dbcb2290dd3edca8b75b27ea0 DependenciesID=b72e089d0e775ded0e177e6b781f2415 StaticDependenciesID=5a06b4b084ee71ba1b73e496731c1bb7 
Number of updated asset objects reloaded before import = 0
Number of asset objects unloaded after import = 0
========================================================================
Received Import Request.
  Time of request: 2026-08-22T01:54:45.7084996Z
  Time since last request: 2.1320308 seconds.
  importAddress: GUID: 679bbe32338fbe8418aa52d1eb89c1b3 - Path: Assets/POLY STYLE - Platformer Starter Pack/Platformer Starter Pack_URP/Art - Importer: PreviewImporter
Importing 'GUID: 679bbe32338fbe8418aa52d1eb89c1b3 - Path: Assets/POLY STYLE - Platformer Starter Pack/Platformer Starter Pack_URP/Art - Importer: PreviewImporter' with importer (PreviewImporter)
Imported 'GUID: 679bbe32338fbe8418aa52d1eb89c1b3' -> (Import Result ID: 'c2585991857d95b6b558843b5353f15a') in 0.001 seconds [static and dynamic dependencies]. Details - ImportResultOutputID=f7256f760be4bf582925b4b108bace8e DependenciesID=056412d1b9d62d529645abc85fb872bc StaticDependenciesID=d5bd0040a2a7961abbe99fc4c01f75ad 
Number of updated asset objects reloaded before import = 0
Number of asset objects unloaded after import = 0
========================================================================
Received Prepare
AcceleratorClientConnectionCallback - disconnected - :0
Refreshing native plugins compatible for Editor in 3.03 ms, found 4 plugins.
Unloading 22 Unused Serialized files (Serialized files now loaded: 0)
Unloading 22 unused Assets / (2.6 MB). Loaded Objects now: 7592.
Memory consumption went from 325.0 MB to 322.4 MB.
Total: 13.076800 ms (FindLiveObjects: 0.612000 ms CreateObjectMapping: 1.210300 ms MarkObjects: 10.172400 ms  DeleteObjects: 1.080000 ms)

Prepare: number of updated asset objects reloaded= 0
========================================================================
Received Import Request.
  Time of request: 2026-08-22T01:59:20.1508967Z
  Time since last request: 274.42801500000002 seconds.
  importAddress: GUID: 70bb87f4f30b2dc47ba571c163315f6b - Path: Assets/EscenarioInicial.unity - Importer: ScriptedImporter/UnityEditor.QuickSearchModule:UnityEditor.Search:ASIAI0B
Importing 'GUID: 70bb87f4f30b2dc47ba571c163315f6b - Path: Assets/EscenarioInicial.unity - Importer: ScriptedImporter/UnityEditor.QuickSearchModule:UnityEditor.Search:ASIAI0B' with importer (ScriptedImporter : UnityEditor.QuickSearchModule:UnityEditor.Search:ASIAI0B)
Imported 'GUID: 70bb87f4f30b2dc47ba571c163315f6b' -> (Import Result ID: '6ad6577a9555df3cbd7566e7474fc2e9') in 0.008 seconds [static and dynamic dependencies]. Details - ImportResultOutputID=ba06df3cb994738d2859ccbea90b93e0 DependenciesID=c067d378f47a72c0b5572bdbe525e3ff StaticDependenciesID=e7b1b37712e349169da414ceb436d04e 
Number of updated asset objects reloaded before import = 0
Number of asset objects unloaded after import = 1
Editor requested this worker to shutdown with reason: Editor is closing down
AcceleratorClientConnectionCallback - disconnected - :0
AssetImportWorker is now disconnected from the server
Process exiting
Exiting without the bug reporter. Application will terminate with return code 0