[Licensing::Module] Trying to connect to existing licensing client channel...
Built from '6000.5/staging' branch; Version is '6000.5.8f1 (5cb7df797b7d) revision 6076383'; Using compiler version '194234433'; Build Type 'Release'
[Licensing::IpcConnector] Successfully connected to: "LicenseClient-diego" at "2026-08-22T01:38:48.939749Z"
OS: 'Windows 11  (10.0.26200) Professional' Language: 'en' Physical Memory: 20373 MB
BatchMode: 0, IsHumanControllingUs: 1, StartBugReporterOnCrash: 1, Is64bit: 1
System  architecture: x64
Process architecture: x64
Date: 2026-08-22T01:38:48Z

COMMAND LINE ARGUMENTS:
C:\Program Files\Unity\Hub\Editor\6000.5.8f1\Editor\Unity.exe
-projectpath
C:\Users\diego\OneDrive\Documentos\GitHub\TP-Inicial---Me-quedo-o-me-voy\Me quedo o me voy
-acceptSoftwareTermsForThisRunOnly
-useHub
-hubIPC
-cloudEnvironment
production
-licensingIpc
LicenseClient-diego
-hubSessionId
7c2a3700-6ac1-45d7-a52f-243c3a59dacc
-accessToken
hl1v8EgN0x6BBPUju8kD9Fa4NWclAhsbvu3Q7IX9MPY004f
Successfully changed project path to: C:\Users\diego\OneDrive\Documentos\GitHub\TP-Inicial---Me-quedo-o-me-voy\Me quedo o me voy
C:/Users/diego/OneDrive/Documentos/GitHub/TP-Inicial---Me-quedo-o-me-voy/Me quedo o me voy
[UnityMemory] Configuration Parameters - Can be set up in boot.config
    "memorysetup-temp-allocator-size-gi-baking-worker=262144"
    "memorysetup-temp-allocator-size-gi-baking-worker=262144"
    "memorysetup-temp-allocator-size-gi-baking-worker=262144"
    "memorysetup-temp-allocator-size-gi-baking-worker=262144"
    "memorysetup-temp-allocator-size-gi-baking-worker=262144"
    "memorysetup-temp-allocator-size-nav-mesh-worker=65536"
    "memorysetup-temp-allocator-size-audio-worker=65536"
    "memorysetup-temp-allocator-size-cloud-worker=32768"
    "memorysetup-temp-allocator-size-gfx=262144"
    "memorysetup-temp-allocator-size-preload-manager=33554432"
    "memorysetup-allocator-temp-initial-block-size-main=262144"
    "memorysetup-allocator-temp-initial-block-size-worker=262144"
    "memorysetup-temp-allocator-size-job-worker=262144"
    "memorysetup-temp-allocator-size-background-worker=32768"
    "memorysetup-bucket-allocator-granularity=16"
    "memorysetup-bucket-allocator-bucket-count=8"
    "memorysetup-bucket-allocator-block-size=33554432"
    "memorysetup-bucket-allocator-block-count=8"
    "memorysetup-main-allocator-block-size=16777216"
    "memorysetup-thread-allocator-block-size=16777216"
    "memorysetup-main-allocator-mimalloc-enabled=0"
    "memorysetup-gfx-main-allocator-block-size=16777216"
    "memorysetup-gfx-thread-allocator-block-size=16777216"
    "memorysetup-cache-allocator-block-size=4194304"
    "memorysetup-typetree-allocator-block-size=2097152"
    "memorysetup-profiler-bucket-allocator-granularity=16"
    "memorysetup-profiler-bucket-allocator-bucket-count=8"
    "memorysetup-profiler-bucket-allocator-block-size=33554432"
    "memorysetup-profiler-bucket-allocator-block-count=8"
    "memorysetup-profiler-allocator-block-size=16777216"
    "memorysetup-profiler-editor-allocator-block-size=1048576"
    "memorysetup-temp-allocator-size-main=16777216"
    "memorysetup-job-temp-allocator-block-size=2097152"
    "memorysetup-job-temp-allocator-block-size-background=1048576"
    "memorysetup-job-temp-allocator-reduction-small-platforms=262144"
Player connection [28420]  Target information:

Player connection [28420]  * "[IP] 169.254.13.135 [Port] 55504 [Flags] 2 [Guid] 2505927603 [EditorId] 2505927603 [Version] 1048832 [Id] WindowsEditor(7,DiegoPC) [Debug] 1 [PackageName] WindowsEditor [ProjectName] Editor" 

Player connection [28420]  * "[IP] 192.168.1.7 [Port] 55504 [Flags] 2 [Guid] 2505927603 [EditorId] 2505927603 [Version] 1048832 [Id] WindowsEditor(7,DiegoPC) [Debug] 1 [PackageName] WindowsEditor [ProjectName] Editor" 

Player connection [28420] Host joined multi-casting on [225.0.0.222:54997]...
Player connection [28420] Host joined alternative multi-casting on [225.0.0.222:34997]...
Input System module state changed to: Initialized.
[Physics::Module] Initialized fallback backend.
[Physics::Module] Id: 0xdecafbad
[Package Manager] Connected to IPC stream "Upm-28852" after 0.4 seconds.
[Licensing::Module] Licensing is not yet initialized.
[Licensing::Client] Error: HandshakeResponse reported an error:
	ResponseCode: 505
	ResponseStatus: Unsupported protocol version '1.18.1'.
[Licensing::Module] Error: Failed to handshake to channel: "LicenseClient-diego"
[Licensing::IpcConnector] LicenseClient-diego channel disconnected successfully.
[Licensing::IpcConnector] Channel LicenseClient-diego-6000.5.8 doesn't exist
[Licensing::Module] Successfully launched the LicensingClient (PId: 29012)
Starting IPC server.
Waiting for clients to connect on \\.\pipe\Unity-LicenseClient-diego-6000.5.8, press Ctrl-C to exit.
[Licensing::IpcConnector] Successfully connected to: "LicenseClient-diego-6000.5.8" at "2026-08-22T01:38:56.7257562Z"
[Licensing::Client] Code 10 while verifying Licensing Client signature (process Id: 29012, path: "C:/Program Files/Unity/Hub/Editor/6000.5.8f1/Editor/Data/Resources/Licensing/Client/Unity.Licensing.Client.exe")
[Licensing::Module] LicensingClient has failed validation; ignoring
[Licensing::Client] Handshaking with LicensingClient:
  Version:                 1.18.1+9fbee8e
  Session Id:              6c046e4067ab417784f0a0c597219976
  Correlation Id:          4fd56990a730bc467e50b375a9e82214
  External correlation Id: 9068955607330673883
  Machine Id:              SqA/XvkXO4pUJBp2v7ARfaTLiXo=
[Licensing::Module] Successfully connected to LicensingClient on channel: "LicenseClient-diego-6000.5.8" (connect: 0.57s, validation: 0.22s, handshake: 0.01s)
[Licensing::IpcConnector] Successfully connected to: "LicenseClient-diego-6000.5.8-notifications" at "2026-08-22T01:38:56.9547422Z"
[Licensing::Module] Connected to LicensingClient (PId: 29012, launch time: 0.01, total connection time: 0.79s)
[Licensing::Client] Successfully updated the access token
[Licensing::Module] Successfully updated the access token hl1v8EgN0x...
[Licensing::Client] Successfully resolved entitlement details
[Licensing::Module] License group:
  Id: 4674239151754-UnityPersXXXX
  Product: Unity Personal
  Type: Assigned
  Expiration: Unlimited
[Licensing::Client] Successfully updated license, isAsync: True, time: 0.02
[Licensing::Client] Successfully resolved entitlement details
[Licensing::Module] Licensing Background thread has ended after 8.09s
[Licensing::Module] Licensing is initialized (took 7.25s).
[Licensing::Client] Successfully resolved entitlement details
Library Redirect Path: Library/
[Physics::Module] Selected backend.
[Physics::Module] Name: PhysX
[Physics::Module] Id: 0xf2b8ea05
[Physics::Module] SDK Version: 4.1.2
[Physics::Module] Integration Version: 1.0.0
[Physics::Module] Threading Mode: Multi-Threaded
Artifact Garbage Collection - Removed 1 unused hashed content files
Refreshing native plugins compatible for Editor in 3.10 ms, found 0 plugins.
Initialize engine version: 6000.5.8f1 (5cb7df797b7d)
[Subsystems] Discovering subsystems at path C:/Program Files/Unity/Hub/Editor/6000.5.8f1/Editor/Data/Resources/UnitySubsystems
[Subsystems] Discovering subsystems at path C:/Users/diego/OneDrive/Documentos/GitHub/TP-Inicial---Me-quedo-o-me-voy/Me quedo o me voy/Assets
[D3D12 Device Filter] Vendor Name: NVIDIA
[D3D12 Device Filter] Device Name: NVIDIA GeForce GTX 1050
[D3D12 Device Filter] Driver Version: 32.0.15.8266
[D3D12 Device Filter] Feature Level: 12.1
[D3D12 Device Filter] Graphics Memory: 1962 MB
[D3D12 Device Filter] Processor Count: 12
[D3D12 Device Filter] Device Type: Discrete
[D3D12 Device Filter] D3D12 API denied by user filter: {"Graphics Memory Comparator": Less Than"Graphics Memory": "3600", "Device Type:": Do Not Care}
GfxDevice: creating device client; kGfxThreadingModeThreaded
Direct3D:
    Version:  Direct3D 11.0 [level 11.1]
    Renderer: NVIDIA GeForce GTX 1050 (ID=0x1c81)
    Vendor:   NVIDIA
    VRAM:     1962 MB
    Driver:   32.0.15.8266
Initialize mono
Mono path[0] = 'C:/Program Files/Unity/Hub/Editor/6000.5.8f1/Editor/Data/Managed'
Mono path[1] = 'C:/Program Files/Unity/Hub/Editor/6000.5.8f1/Editor/Data/BCLExtensions/runtime/netstandard2.1'
Mono path[2] = 'C:/Program Files/Unity/Hub/Editor/6000.5.8f1/Editor/Data/MonoBleedingEdge/lib/mono/unityjit-win32'
Mono config path = 'C:/Program Files/Unity/Hub/Editor/6000.5.8f1/Editor/Data/MonoBleedingEdge/etc'
Using monoOptions --debugger-agent=transport=dt_socket,embedding=1,server=y,suspend=n,address=127.0.0.1:56852
CodeReloadManager initialized
ImportWorker Server TCP listen port: 0
AcceleratorClientConnectionCallback - disconnected - :0
Begin MonoManager ReloadAssembly
Registering precompiled unity dll's ...
Register platform support module: C:/Program Files/Unity/Hub/Editor/6000.5.8f1/Editor/Data/PlaybackEngines/WebGLSupport/UnityEditor.WebGL.Extensions.dll
Register platform support module: C:/Program Files/Unity/Hub/Editor/6000.5.8f1/Editor/Data/PlaybackEngines/WindowsStandaloneSupport/UnityEditor.WindowsStandalone.Extensions.dll
Registered in 0.008152 seconds.
Native extension for WindowsStandalone target not found
Native extension for WebGL target not found
Package Manager log level set to [2]
ScheduleIndexationOnStartup MainProcess:False IndexOnStartup:True
Mono: successfully reloaded assembly
- Finished resetting the current domain, in  1.107 seconds
Domain Reload Profiling: 1962ms
	BeginReloadAssembly (223ms)
		CreateAndSetChildDomain (9ms)
	RebuildCommonClasses (9ms)
	RebuildNativeTypeToScriptingClass (35ms)
	initialDomainReloadingComplete (131ms)
	LoadAllAssembliesAndSetupDomain (456ms)
		LoadAssemblies (208ms)
		AnalyzeDomain (336ms)
			TypeCache.Refresh (334ms)
				TypeCache.ScanAssembly (312ms)
	FinalizeReload (1109ms)
		SetupLoadedEditorAssemblies (0ms)
			InitializePlatformSupportModulesInManaged (4ms)
			BeforeProcessingInitializeOnLoad (149ms)
			ProcessInitializeOnLoadAttributes (147ms)
			ProcessInitializeOnLoadMethodAttributes (710ms)
[Licensing::Client] Successfully resolved entitlement details
Application.AssetDatabase Initial Refresh Start
[Package Manager] Restoring resolved packages state from cache
[Licensing::Client] Successfully resolved entitlement details
[Package Manager] Registered 57 packages:
  Packages from [https://packages.unity.com]:
    com.unity.ai.navigation@2.0.14 (location: C:\Users\diego\OneDrive\Documentos\GitHub\TP-Inicial---Me-quedo-o-me-voy\Me quedo o me voy\Library\PackageCache\com.unity.ai.navigation@134dd6a3b97b)
    com.unity.collab-proxy@2.13.5 (location: C:\Users\diego\OneDrive\Documentos\GitHub\TP-Inicial---Me-quedo-o-me-voy\Me quedo o me voy\Library\PackageCache\com.unity.collab-proxy@120d77864ebc)
    com.unity.ide.rider@3.0.38 (location: C:\Users\diego\OneDrive\Documentos\GitHub\TP-Inicial---Me-quedo-o-me-voy\Me quedo o me voy\Library\PackageCache\com.unity.ide.rider@1f60b3138684)
    com.unity.ide.visualstudio@2.0.26 (location: C:\Users\diego\OneDrive\Documentos\GitHub\TP-Inicial---Me-quedo-o-me-voy\Me quedo o me voy\Library\PackageCache\com.unity.ide.visualstudio@a99d56dec63f)
    com.unity.inputsystem@1.20.0 (location: C:\Users\diego\OneDrive\Documentos\GitHub\TP-Inicial---Me-quedo-o-me-voy\Me quedo o me voy\Library\PackageCache\com.unity.inputsystem@7a4e1a2a8194)
    com.unity.timeline@1.8.12 (location: C:\Users\diego\OneDrive\Documentos\GitHub\TP-Inicial---Me-quedo-o-me-voy\Me quedo o me voy\Library\PackageCache\com.unity.timeline@8cd8509afae5)
    com.unity.visualscripting@1.9.12 (location: C:\Users\diego\OneDrive\Documentos\GitHub\TP-Inicial---Me-quedo-o-me-voy\Me quedo o me voy\Library\PackageCache\com.unity.visualscripting@4edfcc09512f)
    com.unity.searcher@4.9.5 (location: C:\Users\diego\OneDrive\Documentos\GitHub\TP-Inicial---Me-quedo-o-me-voy\Me quedo o me voy\Library\PackageCache\com.unity.searcher@a463122f2c00)
    com.unity.burst@1.8.30 (location: C:\Users\diego\OneDrive\Documentos\GitHub\TP-Inicial---Me-quedo-o-me-voy\Me quedo o me voy\Library\PackageCache\com.unity.burst@2f3d916873ea)
    com.unity.nuget.mono-cecil@1.11.6 (location: C:\Users\diego\OneDrive\Documentos\GitHub\TP-Inicial---Me-quedo-o-me-voy\Me quedo o me voy\Library\PackageCache\com.unity.nuget.mono-cecil@ecb9724e46ff)
    com.unity.test-framework.performance@3.5.0 (location: C:\Users\diego\OneDrive\Documentos\GitHub\TP-Inicial---Me-quedo-o-me-voy\Me quedo o me voy\Library\PackageCache\com.unity.test-framework.performance@8b56083ec0f0)
  Built-in packages:
    com.unity.multiplayer.center@1.0.1 (location: C:\Users\diego\OneDrive\Documentos\GitHub\TP-Inicial---Me-quedo-o-me-voy\Me quedo o me voy\Library\PackageCache\com.unity.multiplayer.center@b860850997d0)
    com.unity.render-pipelines.universal@17.5.0 (location: C:\Users\diego\OneDrive\Documentos\GitHub\TP-Inicial---Me-quedo-o-me-voy\Me quedo o me voy\Library\PackageCache\com.unity.render-pipelines.universal@73b4c4ff130e)
    com.unity.test-framework@1.7.0 (location: C:\Users\diego\OneDrive\Documentos\GitHub\TP-Inicial---Me-quedo-o-me-voy\Me quedo o me voy\Library\PackageCache\com.unity.test-framework@1405238725ab)
    com.unity.ugui@2.5.0 (location: C:\Users\diego\OneDrive\Documentos\GitHub\TP-Inicial---Me-quedo-o-me-voy\Me quedo o me voy\Library\PackageCache\com.unity.ugui@1c4864518158)
    com.unity.modules.accessibility@1.0.0 (location: C:\Users\diego\OneDrive\Documentos\GitHub\TP-Inicial---Me-quedo-o-me-voy\Me quedo o me voy\Library\PackageCache\com.unity.modules.accessibility)
    com.unity.modules.adaptiveperformance@1.0.0 (location: C:\Users\diego\OneDrive\Documentos\GitHub\TP-Inicial---Me-quedo-o-me-voy\Me quedo o me voy\Library\PackageCache\com.unity.modules.adaptiveperformance)
    com.unity.modules.ai@1.0.0 (location: C:\Users\diego\OneDrive\Documentos\GitHub\TP-Inicial---Me-quedo-o-me-voy\Me quedo o me voy\Library\PackageCache\com.unity.modules.ai)
    com.unity.modules.androidjni@1.0.0 (location: C:\Users\diego\OneDrive\Documentos\GitHub\TP-Inicial---Me-quedo-o-me-voy\Me quedo o me voy\Library\PackageCache\com.unity.modules.androidjni)
    com.unity.modules.animation@1.0.0 (location: C:\Users\diego\OneDrive\Documentos\GitHub\TP-Inicial---Me-quedo-o-me-voy\Me quedo o me voy\Library\PackageCache\com.unity.modules.animation)
    com.unity.modules.assetbundle@1.0.0 (location: C:\Users\diego\OneDrive\Documentos\GitHub\TP-Inicial---Me-quedo-o-me-voy\Me quedo o me voy\Library\PackageCache\com.unity.modules.assetbundle)
    com.unity.modules.audio@1.0.0 (location: C:\Users\diego\OneDrive\Documentos\GitHub\TP-Inicial---Me-quedo-o-me-voy\Me quedo o me voy\Library\PackageCache\com.unity.modules.audio)
    com.unity.modules.cloth@1.0.0 (location: C:\Users\diego\OneDrive\Documentos\GitHub\TP-Inicial---Me-quedo-o-me-voy\Me quedo o me voy\Library\PackageCache\com.unity.modules.cloth)
    com.unity.modules.director@1.0.0 (location: C:\Users\diego\OneDrive\Documentos\GitHub\TP-Inicial---Me-quedo-o-me-voy\Me quedo o me voy\Library\PackageCache\com.unity.modules.director)
    com.unity.modules.imageconversion@1.0.0 (location: C:\Users\diego\OneDrive\Documentos\GitHub\TP-Inicial---Me-quedo-o-me-voy\Me quedo o me voy\Library\PackageCache\com.unity.modules.imageconversion)
    com.unity.modules.imgui@1.0.0 (location: C:\Users\diego\OneDrive\Documentos\GitHub\TP-Inicial---Me-quedo-o-me-voy\Me quedo o me voy\Library\PackageCache\com.unity.modules.imgui)
    com.unity.modules.jsonserialize@1.0.0 (location: C:\Users\diego\OneDrive\Documentos\GitHub\TP-Inicial---Me-quedo-o-me-voy\Me quedo o me voy\Library\PackageCache\com.unity.modules.jsonserialize)
    com.unity.modules.particlesystem@1.0.0 (location: C:\Users\diego\OneDrive\Documentos\GitHub\TP-Inicial---Me-quedo-o-me-voy\Me quedo o me voy\Library\PackageCache\com.unity.modules.particlesystem)
    com.unity.modules.physics@1.0.0 (location: C:\Users\diego\OneDrive\Documentos\GitHub\TP-Inicial---Me-quedo-o-me-voy\Me quedo o me voy\Library\PackageCache\com.unity.modules.physics)
    com.unity.modules.physics2d@1.0.0 (location: C:\Users\diego\OneDrive\Documentos\GitHub\TP-Inicial---Me-quedo-o-me-voy\Me quedo o me voy\Library\PackageCache\com.unity.modules.physics2d)
    com.unity.modules.physicscore2d@1.0.0 (location: C:\Users\diego\OneDrive\Documentos\GitHub\TP-Inicial---Me-quedo-o-me-voy\Me quedo o me voy\Library\PackageCache\com.unity.modules.physicscore2d)
    com.unity.modules.screencapture@1.0.0 (location: C:\Users\diego\OneDrive\Documentos\GitHub\TP-Inicial---Me-quedo-o-me-voy\Me quedo o me voy\Library\PackageCache\com.unity.modules.screencapture)
    com.unity.modules.terrain@1.0.0 (location: C:\Users\diego\OneDrive\Documentos\GitHub\TP-Inicial---Me-quedo-o-me-voy\Me quedo o me voy\Library\PackageCache\com.unity.modules.terrain)
    com.unity.modules.terrainphysics@1.0.0 (location: C:\Users\diego\OneDrive\Documentos\GitHub\TP-Inicial---Me-quedo-o-me-voy\Me quedo o me voy\Library\PackageCache\com.unity.modules.terrainphysics)
    com.unity.modules.tilemap@1.0.0 (location: C:\Users\diego\OneDrive\Documentos\GitHub\TP-Inicial---Me-quedo-o-me-voy\Me quedo o me voy\Library\PackageCache\com.unity.modules.tilemap)
    com.unity.modules.ui@1.0.0 (location: C:\Users\diego\OneDrive\Documentos\GitHub\TP-Inicial---Me-quedo-o-me-voy\Me quedo o me voy\Library\PackageCache\com.unity.modules.ui)
    com.unity.modules.uielements@1.0.0 (location: C:\Users\diego\OneDrive\Documentos\GitHub\TP-Inicial---Me-quedo-o-me-voy\Me quedo o me voy\Library\PackageCache\com.unity.modules.uielements)
    com.unity.modules.umbra@1.0.0 (location: C:\Users\diego\OneDrive\Documentos\GitHub\TP-Inicial---Me-quedo-o-me-voy\Me quedo o me voy\Library\PackageCache\com.unity.modules.umbra)
    com.unity.modules.unityanalytics@1.0.0 (location: C:\Users\diego\OneDrive\Documentos\GitHub\TP-Inicial---Me-quedo-o-me-voy\Me quedo o me voy\Library\PackageCache\com.unity.modules.unityanalytics)
    com.unity.modules.unitywebrequest@1.0.0 (location: C:\Users\diego\OneDrive\Documentos\GitHub\TP-Inicial---Me-quedo-o-me-voy\Me quedo o me voy\Library\PackageCache\com.unity.modules.unitywebrequest)
    com.unity.modules.unitywebrequestassetbundle@1.0.0 (location: C:\Users\diego\OneDrive\Documentos\GitHub\TP-Inicial---Me-quedo-o-me-voy\Me quedo o me voy\Library\PackageCache\com.unity.modules.unitywebrequestassetbundle)
    com.unity.modules.unitywebrequestaudio@1.0.0 (location: C:\Users\diego\OneDrive\Documentos\GitHub\TP-Inicial---Me-quedo-o-me-voy\Me quedo o me voy\Library\PackageCache\com.unity.modules.unitywebrequestaudio)
    com.unity.modules.unitywebrequesttexture@1.0.0 (location: C:\Users\diego\OneDrive\Documentos\GitHub\TP-Inicial---Me-quedo-o-me-voy\Me quedo o me voy\Library\PackageCache\com.unity.modules.unitywebrequesttexture)
    com.unity.modules.unitywebrequestwww@1.0.0 (location: C:\Users\diego\OneDrive\Documentos\GitHub\TP-Inicial---Me-quedo-o-me-voy\Me quedo o me voy\Library\PackageCache\com.unity.modules.unitywebrequestwww)
    com.unity.modules.vectorgraphics@1.0.0 (location: C:\Users\diego\OneDrive\Documentos\GitHub\TP-Inicial---Me-quedo-o-me-voy\Me quedo o me voy\Library\PackageCache\com.unity.modules.vectorgraphics)
    com.unity.modules.vehicles@1.0.0 (location: C:\Users\diego\OneDrive\Documentos\GitHub\TP-Inicial---Me-quedo-o-me-voy\Me quedo o me voy\Library\PackageCache\com.unity.modules.vehicles)
    com.unity.modules.video@1.0.0 (location: C:\Users\diego\OneDrive\Documentos\GitHub\TP-Inicial---Me-quedo-o-me-voy\Me quedo o me voy\Library\PackageCache\com.unity.modules.video)
    com.unity.modules.wind@1.0.0 (location: C:\Users\diego\OneDrive\Documentos\GitHub\TP-Inicial---Me-quedo-o-me-voy\Me quedo o me voy\Library\PackageCache\com.unity.modules.wind)
    com.unity.modules.xr@1.0.0 (location: C:\Users\diego\OneDrive\Documentos\GitHub\TP-Inicial---Me-quedo-o-me-voy\Me quedo o me voy\Library\PackageCache\com.unity.modules.xr)
    com.unity.modules.subsystems@1.0.0 (location: C:\Users\diego\OneDrive\Documentos\GitHub\TP-Inicial---Me-quedo-o-me-voy\Me quedo o me voy\Library\PackageCache\com.unity.modules.subsystems)
    com.unity.modules.hierarchycore@1.0.0 (location: C:\Users\diego\OneDrive\Documentos\GitHub\TP-Inicial---Me-quedo-o-me-voy\Me quedo o me voy\Library\PackageCache\com.unity.modules.hierarchycore)
    com.unity.ext.nunit@2.1.0 (location: C:\Users\diego\OneDrive\Documentos\GitHub\TP-Inicial---Me-quedo-o-me-voy\Me quedo o me voy\Library\PackageCache\com.unity.ext.nunit@44f7d31723bd)
    com.unity.render-pipelines.core@17.5.0 (location: C:\Users\diego\OneDrive\Documentos\GitHub\TP-Inicial---Me-quedo-o-me-voy\Me quedo o me voy\Library\PackageCache\com.unity.render-pipelines.core@a4c9a9793789)
    com.unity.shadergraph@17.5.0 (location: C:\Users\diego\OneDrive\Documentos\GitHub\TP-Inicial---Me-quedo-o-me-voy\Me quedo o me voy\Library\PackageCache\com.unity.shadergraph@8d7376ec43ee)
    com.unity.render-pipelines.universal-config@17.5.0 (location: C:\Users\diego\OneDrive\Documentos\GitHub\TP-Inicial---Me-quedo-o-me-voy\Me quedo o me voy\Library\PackageCache\com.unity.render-pipelines.universal-config@fdda01c80fe3)
    com.unity.collections@6.5.0 (location: C:\Users\diego\OneDrive\Documentos\GitHub\TP-Inicial---Me-quedo-o-me-voy\Me quedo o me voy\Library\PackageCache\com.unity.collections@ec2c217e4cb2)
    com.unity.mathematics@1.4.0 (location: C:\Users\diego\OneDrive\Documentos\GitHub\TP-Inicial---Me-quedo-o-me-voy\Me quedo o me voy\Library\PackageCache\com.unity.mathematics@981956d94fb6)
[Subsystems] No new subsystems found in resolved package list.
[Package Manager] Done registering packages in 0.04 seconds
info: Microsoft.Hosting.Lifetime[14]
      Now listening on: http://localhost:80
info: Microsoft.Hosting.Lifetime[0]
      Application started. Press Ctrl+C to shut down.
info: Microsoft.Hosting.Lifetime[0]
      Hosting environment: Production
info: Microsoft.Hosting.Lifetime[0]
      Content root path: C:\Users\diego\OneDrive\Documentos\GitHub\TP-Inicial---Me-quedo-o-me-voy\Me quedo o me voy
info: Microsoft.AspNetCore.Hosting.Diagnostics[1]
      Request starting HTTP/2 POST http://ilpp/UnityILPP.PostProcessing/Ping - application/grpc -
info: Microsoft.AspNetCore.Routing.EndpointMiddleware[0]
      Executing endpoint 'gRPC - /UnityILPP.PostProcessing/Ping'
info: Microsoft.AspNetCore.Routing.EndpointMiddleware[1]
      Executed endpoint 'gRPC - /UnityILPP.PostProcessing/Ping'
info: Microsoft.AspNetCore.Hosting.Diagnostics[2]
      Request finished HTTP/2 POST http://ilpp/UnityILPP.PostProcessing/Ping - 200 - application/grpc 45.4836ms
Starting: C:\Program Files\Unity\Hub\Editor\6000.5.8f1\Editor\Data\Tools\BuildPipeline\bee_backend.exe --ipc --defer-dag-verification --dagfile="Library/Bee/1900b0aE.dag" --continue-on-failure --profile="Library/Bee/backend1.traceevents" ScriptAssemblies
WorkingDir: C:/Users/diego/OneDrive/Documentos/GitHub/TP-Inicial---Me-quedo-o-me-voy/Me quedo o me voy
info: Microsoft.AspNetCore.Hosting.Diagnostics[1]
      Request starting HTTP/2 POST http://ilpp/UnityILPP.PostProcessing/ConfigurePostProcessors - application/grpc -
info: Microsoft.AspNetCore.Routing.EndpointMiddleware[0]
      Executing endpoint 'gRPC - /UnityILPP.PostProcessing/ConfigurePostProcessors'
warn: Unity.ILPP.Runner.PostProcessingAssemblyLoadContext[0]
      Assembly system.runtime.interopservices.windowsruntime has duplicate hint path. Ignoring "C:\Program Files\Unity\Hub\Editor\6000.5.8f1\Editor\Data\UnityReferenceAssemblies\unity-4.8-api\Facades\System.Runtime.InteropServices.WindowsRuntime.dll" in favor of "C:\Program Files\Unity\Hub\Editor\6000.5.8f1\Editor\Data\NetStandard\Extensions\2.0.0\System.Runtime.InteropServices.WindowsRuntime.dll"
warn: Unity.ILPP.Runner.PostProcessingAssemblyLoadContext[0]
      Assembly system.componentmodel.composition has duplicate hint path. Ignoring "C:\Program Files\Unity\Hub\Editor\6000.5.8f1\Editor\Data\UnityReferenceAssemblies\unity-4.8-api\System.ComponentModel.Composition.dll" in favor of "C:\Program Files\Unity\Hub\Editor\6000.5.8f1\Editor\Data\NetStandard\compat\2.1.0\shims\netfx\System.ComponentModel.Composition.dll"
info: Unity.ILPP.Runner.PostProcessingAssemblyLoadContext[0]
      Resolved Unity.Burst.Cecil, Version=0.11.6.0, Culture=neutral, PublicKeyToken=50cebf1cceb9d05e with Library\PackageCache\com.unity.burst@2f3d916873ea\Unity.Burst.CodeGen\Unity.Burst.Cecil.dll
info: Unity.ILPP.Runner.PostProcessingAssemblyLoadContext[0]
      Resolved Mono.Cecil, Version=0.11.5.0, Culture=neutral, PublicKeyToken=50cebf1cceb9d05e with Library\PackageCache\com.unity.nuget.mono-cecil@ecb9724e46ff\Mono.Cecil.dll
info: Microsoft.AspNetCore.Routing.EndpointMiddleware[1]
      Executed endpoint 'gRPC - /UnityILPP.PostProcessing/ConfigurePostProcessors'
info: Microsoft.AspNetCore.Hosting.Diagnostics[2]
      Request finished HTTP/2 POST http://ilpp/UnityILPP.PostProcessing/ConfigurePostProcessors - 200 - application/grpc 639.2243ms
ExitCode: 0 Duration: 1s251ms
[738/937    0s] ILPP-Configuration Library/ilpp-configuration.nevergeneratedoutput
*** Tundra build success (1.11 seconds), 1 items updated, 937 evaluated
AssetDatabase: script compilation time: 2.095880s
Begin MonoManager ReloadAssembly
Refreshing native plugins compatible for Editor in 8.69 ms, found 4 plugins.
Native extension for WindowsStandalone target not found
Native extension for WebGL target not found
Refreshing native plugins compatible for Editor in 2.81 ms, found 4 plugins.
ScheduleIndexationOnStartup MainProcess:True IndexOnStartup:True
Mono: successfully reloaded assembly
- Finished resetting the current domain, in  4.200 seconds
Domain Reload Profiling: 5778ms
	BeginReloadAssembly (482ms)
		DisableScriptedObjects (68ms)
		CreateAndSetChildDomain (174ms)
	RebuildCommonClasses (11ms)
	RebuildNativeTypeToScriptingClass (21ms)
	initialDomainReloadingComplete (86ms)
	LoadAllAssembliesAndSetupDomain (976ms)
		LoadAssemblies (648ms)
		AnalyzeDomain (325ms)
			TypeCache.Refresh (217ms)
				TypeCache.ScanAssembly (202ms)
			BuildScriptInfoCaches (96ms)
			ResolveRequiredComponents (10ms)
	FinalizeReload (4202ms)
		SetupLoadedEditorAssemblies (0ms)
			BeforeProcessingInitializeOnLoad (111ms)
			ProcessInitializeOnLoadAttributes (3181ms)
			ProcessInitializeOnLoadMethodAttributes (229ms)
			AfterProcessingInitializeOnLoad (13ms)
		AwakeInstancesAfterBackupRestoration (45ms)
Starting new worker id: 0 with log in C:/Users/diego/OneDrive/Documentos/GitHub/TP-Inicial---Me-quedo-o-me-voy/Me quedo o me voy/Logs/AssetImportWorkerHW0.log

Asset Pipeline Refresh (id=428219adf4f51134581a174d8237284e): Total: 9.377 seconds - Initiated by InitialRefreshV2(ForceSynchronousImport)
	(Values over 0.05ms)
	Summary:
		Imports: total=0 (actual=0, local cache=0, cache server=0)
		Asset DB Process Time: managed=0 ms, native=5308 ms
		Asset DB Callback time: managed=147 ms, native=46 ms
		Scripting: domain reloads=1, domain reload time=1690 ms, compile time=2098 ms, other=85 ms
		Project Asset Count: scripts=1382, non-scripts=2412
		Asset File Changes: new=0, changed=0, moved=0, deleted=0
		Scan Filter Count: 0
	InvokePackagesCallback: 49.862ms
	ApplyChangesToAssetFolders: 0.902ms
	Scan: 216.878ms
	Collect global state as custom dependencies: 35.311ms
	CategorizeScriptCompilationAssets: 191.450ms
	ProcessAssetsWithTransientArtifactChanges: 103.896ms
	CategorizeAssets: 66.747ms
	CompileScripts: 2098.340ms
	ImportOutOfDateAssets: 4311.599ms (4233.565ms without children)
		UnloadImportedAssets: 1.061ms
		EnsureUptoDateAssetsAreRegisteredWithGuidPM: 0.881ms
		ImportSchedulerStart: 76.039ms
	PostProcessAllAssets: 147.699ms
		MonoPostProcessAllAssets: 147.541ms
			UniversalRenderPipelineGlobalSettingsPostprocessor.OnPostprocessAllAssets 59.063ms
			SyncVS.PostprocessSyncProject 31.662ms
			SpeedTree9Postprocessor.OnPostprocessAllAssets 6.048ms
			WindowAssetPostprocessingWatcher.OnPostprocessAllAssets 5.004ms
			EditModeScopePostprocessor.OnPostprocessAllAssets 2.984ms
			RenderPipelineGlobalSettingsPostprocessor.OnPostprocessAllAssets 1.468ms
			ShaderReflectionAssetPostProcessor.OnPostprocessAllAssets 1.167ms
			TerrainToolbarOverlayPostProcessor.OnPostprocessAllAssets 0.637ms
			ProjectSettingsPostprocessor.OnPostprocessAllAssets 0.624ms
			InputActionAssetPostprocessor.OnPostprocessAllAssets 0.575ms
			ReferencedClipsPostProcessor.OnPostprocessAllAssets 0.509ms
			AssetDatabaseCallbacks.OnPostprocessAllAssets 0.290ms
	UnloadStreamsBegin: 3.799ms
	PersistCurrentRevisions: 0.146ms
	GenerateScriptTypeHashes: 2.278ms
	GenerateScriptTypeSerializationHashes: 4.167ms
	Untracked: 2139.057ms

Application.AssetDatabase Initial Refresh End
Launched and connected shader compiler UnityShaderCompiler.exe after 0.06 seconds
Scanning for USB devices : 8.821ms
Initializing Unity extensions:
[MODES] ModeService[none].Initialize
[MODES] ModeService[none].LoadModes
[MODES] Loading mode Default (0) for mode-current-id-Me quedo o me voy
Unloading 24 Unused Serialized files (Serialized files now loaded: 0)
Loaded scene 'Assets/EscenarioInicial.unity'
	Deserialize:            17.845 ms
	Integration:            378.123 ms
	Integration of assets:  0.010 ms
	Thread Wait Time:       0.402 ms
	Total Operation Time:   396.380 ms
Unloading 6640 unused Assets / (7.5 MB). Loaded Objects now: 7947.
Memory consumption went from 417.3 MB to 409.9 MB.
Total: 28.838700 ms (FindLiveObjects: 1.505700 ms CreateObjectMapping: 3.398300 ms MarkObjects: 11.577200 ms  DeleteObjects: 11.930400 ms)

[LAYOUT] About to load UserSettings\Layouts\default-6000.dwlt, keepMainWindow=False
Worker ready: AssetImportWorkerHW0 0
[LAYOUT] About to save layout C:\Users\diego\OneDrive\Documentos\GitHub\TP-Inicial---Me-quedo-o-me-voy\Me quedo o me voy\UserSettings\Layouts\default-6000.dwlt
[LAYOUT] About to save layout C:/Users/diego/AppData/Roaming/Unity/Editor-5.x/Preferences\Layouts\current\default-6000.dwlt
[MODES] ModeService[default].InitializeCurrentMode
[MODES] ModeService[default].RaiseModeChanged(default, default)
<RI> Initializing input.
Using Windows.Gaming.Input
[Project] Loading completed in 25.286 seconds
	Project init time: 				22.538 seconds
		Template init time: 		0.000 seconds
		Package Manager init time: 		7.659 seconds
		Asset Database init time: 		0.531 seconds
		Global illumination init time: 	0.012 seconds
		Assemblies load time: 			2.227 seconds
		Unity extensions init time: 	0.062 seconds
		Asset Database refresh time: 	9.378 seconds
	Scene opening time: 			2.449 seconds
##utp:{"type":"ProjectInfo","version":2,"phase":"Immediate","time":1787362754211,"processId":28852,"projectLoad":25.2857916,"projectInit":22.5379908,"templateInit":0.0,"packageManagerInit":7.6594151,"assetDatabaseInit":0.5311963,"globalIlluminationInit":0.011871,"assembliesLoad":2.2271092,"unityExtensionsInit":0.0622218,"assetDatabaseRefresh":9.3775725,"sceneOpening":2.4490036}
##utp:{"type":"EditorInfo","version":2,"phase":"Immediate","time":1787362754212,"processId":28852,"editorVersion":"6000.5.8f1 (5cb7df797b7d)","branch":"6000.5/staging","buildType":"Release","platform":"Windows"}
Asset Pipeline Refresh (id=ae437e1fabc5cbb47bdea1e9a6d7c8c0): Total: 0.178 seconds - Initiated by RefreshV2(AllowForceSynchronousImport)
Start Indexing on Editor startup
[Indexing] Starting Initial Indexing for Assets
Created GICache directory at C:/Users/diego/AppData/LocalLow/Unity/Caches/GiCache. Took: 0.075s, timestamps: [25.500 - 25.574]
[Licensing::Client] Successfully resolved entitlement details
[Licensing::Client] Successfully resolved entitlement details
[Licensing::Client] Successfully resolved entitlement details
[Licensing::Client] Successfully updated the access token
[Licensing::Module] Successfully updated access token: "hl1v8EgN"... (expires: 2026-08-21T21:28:01Z)
Starting new worker id: 1 with log in C:/Users/diego/OneDrive/Documentos/GitHub/TP-Inicial---Me-quedo-o-me-voy/Me quedo o me voy/Logs/AssetImportWorkerHW1.log
[Worker0] Imported GUID: e1927dbfa7e97ee429f2a2a6c27dd86f - Path: Assets/POLY STYLE - Platformer Starter Pack/Platformer Starter Pack_URP/Prefabs/Environments/Tip_Board_2.prefab - Importer: ScriptedImporter/UnityEditor.QuickSearchModule:UnityEditor.Search:ASIAI0B -> (ImportResultId: '9ce67239f86850af06b91ed7f6e48771') in 0.2465657 seconds
Starting new worker id: 2 with log in C:/Users/diego/OneDrive/Documentos/GitHub/TP-Inicial---Me-quedo-o-me-voy/Me quedo o me voy/Logs/AssetImportWorkerHW2.log
[Worker0] Imported GUID: f09d76e28c315d442b4a6f6bc6ff9689 - Path: Assets/POLY STYLE - Platformer Starter Pack/Platformer Starter Pack_URP/Prefabs/Environments/Ground_E1.prefab - Importer: ScriptedImporter/UnityEditor.QuickSearchModule:UnityEditor.Search:ASIAI0B -> (ImportResultId: 'f83b02a13cb56c20a6a903608833c51a') in 0.0688106 seconds
[Worker0] Imported GUID: 7cf5e34839f2a3f488f93e70b8585391 - Path: Assets/POLY STYLE - Platformer Starter Pack/Platformer Starter Pack_URP/Scene/DemoScene/Global Volume Profile.asset - Importer: ScriptedImporter/UnityEditor.QuickSearchModule:UnityEditor.Search:ASIAI0B -> (ImportResultId: '62863037ea181a469a65b372e1e4e502') in 0.0514068 seconds
[Worker0] Imported GUID: d7490659138a0154da86c55a554012eb - Path: Assets/POLY STYLE - Platformer Starter Pack/Platformer Starter Pack_URP/Art/Materials/Environments/Ground-4.mat - Importer: ScriptedImporter/UnityEditor.QuickSearchModule:UnityEditor.Search:ASIAI0B -> (ImportResultId: '52b5ce00fdc14f8909da4843a1bb7b41') in 0.0622667 seconds
[Worker0] Imported GUID: 3b216635de9f13d4089e7d00f654c703 - Path: Assets/POLY STYLE - Platformer Starter Pack - Importer: ScriptedImporter/UnityEditor.QuickSearchModule:UnityEditor.Search:ASIAI0B -> (ImportResultId: '2a5a15f2300ee3fabe96006275c0f771') in 0.0320721 seconds
[Worker0] Imported GUID: b842aee6341024f4589ba59ff0ddc909 - Path: Assets/POLY STYLE - Platformer Starter Pack/Platformer Starter Pack_URP/Prefabs/Environments/Ground_E2.prefab - Importer: ScriptedImporter/UnityEditor.QuickSearchModule:UnityEditor.Search:ASIAI0B -> (ImportResultId: '96e7598f36d6c99a80c137afe9501329') in 0.053135 seconds
[Worker0] Imported GUID: ba3eb6b685c0e0c4ba30d08ec22c45be - Path: Assets/POLY STYLE - Platformer Starter Pack/Platformer Starter Pack_URP/Prefabs/Environments/Tree_3.prefab - Importer: ScriptedImporter/UnityEditor.QuickSearchModule:UnityEditor.Search:ASIAI0B -> (ImportResultId: 'cac1a4da22b6c4eaa33926b62ef50827') in 0.0545029 seconds
[Worker0] Imported GUID: a8aa1fcb3ef5b1843afd3311ea052a06 - Path: Assets/POLY STYLE - Platformer Starter Pack/Platformer Starter Pack_URP/Prefabs/Environments/Ground_C1.prefab - Importer: ScriptedImporter/UnityEditor.QuickSearchModule:UnityEditor.Search:ASIAI0B -> (ImportResultId: '1da26d2b968858e387adebcce2c93885') in 0.0757571 seconds
[Worker0] Imported GUID: f630717f81f57464b8e873cba8340d98 - Path: Assets/POLY STYLE - Platformer Starter Pack/Platformer Starter Pack_URP/Art/Materials/Environments/Ground-2.mat - Importer: ScriptedImporter/UnityEditor.QuickSearchModule:UnityEditor.Search:ASIAI0B -> (ImportResultId: '57c5e939595be50ef6c33cf50f55d26f') in 0.0391535 seconds
[Worker0] Imported GUID: 679bbe32338fbe8418aa52d1eb89c1b3 - Path: Assets/POLY STYLE - Platformer Starter Pack/Platformer Starter Pack_URP/Art - Importer: ScriptedImporter/UnityEditor.QuickSearchModule:UnityEditor.Search:ASIAI0B -> (ImportResultId: '91fc58ebabac87ff11d14008c2036c21') in 0.0250321 seconds
[Worker0] Imported GUID: dc137612af3d7c340b85e0aaa03477c1 - Path: Assets/POLY STYLE - Platformer Starter Pack/Readme.txt - Importer: ScriptedImporter/UnityEditor.QuickSearchModule:UnityEditor.Search:ASIAI0B -> (ImportResultId: '6b6c0a1900e3187bd2e40e480ff4dc27') in 0.0308111 seconds
[Worker0] Imported GUID: 4a8e21d5c33334b11b34a596161b9360 - Path: Assets/POLY STYLE - Platformer Starter Pack/Platformer Starter Pack_URP/Settings/ForwardRenderer.asset - Importer: ScriptedImporter/UnityEditor.QuickSearchModule:UnityEditor.Search:ASIAI0B -> (ImportResultId: 'afc65dee639bec6fe1554ebe01dfb61e') in 0.0958091 seconds
[Worker0] Imported GUID: 4caec93c49ab5b34593a7cdc71d23e05 - Path: Assets/POLY STYLE - Platformer Starter Pack/Platformer Starter Pack_URP/Prefabs/Environments/Ground_G1.prefab - Importer: ScriptedImporter/UnityEditor.QuickSearchModule:UnityEditor.Search:ASIAI0B -> (ImportResultId: '105bf6895d110141519c42fcaae0163b') in 0.0426459 seconds
[Worker0] Imported GUID: 2cfd87436f82f694cb1ed07e801a4415 - Path: Assets/POLY STYLE - Platformer Starter Pack/Platformer Starter Pack_URP/Prefabs/Environments/Props_11.prefab - Importer: ScriptedImporter/UnityEditor.QuickSearchModule:UnityEditor.Search:ASIAI0B -> (ImportResultId: 'aa388d977b3d0a7081278980f764de2c') in 0.0518102 seconds
[Worker0] Imported GUID: 8e0a147d9af72a949bc3c30dff6603d6 - Path: Assets/POLY STYLE - Platformer Starter Pack/Platformer Starter Pack_URP/Prefabs/Environments/Bridge_A.prefab - Importer: ScriptedImporter/UnityEditor.QuickSearchModule:UnityEditor.Search:ASIAI0B -> (ImportResultId: 'f80d1fe7d74282ebc0eb3a1827cdf867') in 0.0508464 seconds
[Worker0] Imported GUID: 14f5723f491c5a64d914851138ec166c - Path: Assets/POLY STYLE - Platformer Starter Pack/Platformer Starter Pack_URP/Prefabs/Environments/Ground_B2.prefab - Importer: ScriptedImporter/UnityEditor.QuickSearchModule:UnityEditor.Search:ASIAI0B -> (ImportResultId: '98b6d048568aa27c9ed3155e2a6e4780') in 0.0462813 seconds
[Worker0] Imported GUID: f184ba4911fbaaa4195a4f967a69e3bf - Path: Assets/POLY STYLE - Platformer Starter Pack/Platformer Starter Pack_URP/Art/Meshes/DemoScene/DemoScene.fbx - Importer: ScriptedImporter/UnityEditor.QuickSearchModule:UnityEditor.Search:ASIAI0B -> (ImportResultId: '2f9b74c4a9e314e05f7fab2f932371ce') in 0.3064502 seconds
[Worker0] Imported GUID: 70bb87f4f30b2dc47ba571c163315f6b - Path: Assets/EscenarioInicial.unity - Importer: ScriptedImporter/UnityEditor.QuickSearchModule:UnityEditor.Search:ASIAI0B -> (ImportResultId: '806f29873ffbc2a480bed4818716b21b') in 0.0334312 seconds
Worker ready: AssetImportWorkerHW1 1
Worker ready: AssetImportWorkerHW2 2
Curl error 6: Could not resolve host: config.uca.cloud.unity3d.com
Curl error 6: Could not resolve host: api.unity.com
Curl error 6: Could not resolve host: cdp.cloud.unity3d.com
Curl error 6: Could not resolve host: cdp.cloud.unity3d.com
TrimDiskCacheJob: Current cache size 0mb
Curl error 6: Could not resolve host: cdp.cloud.unity3d.com
Curl error 6: Could not resolve host: cdp.cloud.unity3d.com
Curl error 6: Could not resolve host: cdp.cloud.unity3d.com
Curl error 6: Could not resolve host: cdp.cloud.unity3d.com
Curl error 6: Could not resolve host: cdp.cloud.unity3d.com
Curl error 6: Could not resolve host: cdp.cloud.unity3d.com
Curl error 6: Could not resolve host: cdp.cloud.unity3d.com
Curl error 6: Could not resolve host: cdp.cloud.unity3d.com
Scanning for USB devices : 9.231ms
Scanning for USB devices : 9.632ms
Curl error 6: Could not resolve host: cdp.cloud.unity3d.com
Curl error 6: Could not resolve host: cdp.cloud.unity3d.com
Curl error 6: Could not resolve host: cdp.cloud.unity3d.com
Curl error 6: Could not resolve host: cdp.cloud.unity3d.com
Curl error 6: Could not resolve host: cdp.cloud.unity3d.com
Curl error 6: Could not resolve host: cdp.cloud.unity3d.com
Curl error 6: Could not resolve host: cdp.cloud.unity3d.com
Curl error 6: Could not resolve host: cdp.cloud.unity3d.com
Curl error 6: Could not resolve host: cdp.cloud.unity3d.com
Curl error 6: Could not resolve host: cdp.cloud.unity3d.com
Request Asset Garbage Collect because used heap size increased from 413.3 MB to 0.65 GB, exceeding the threshold of 256.0 MB.
Unloading 51 Unused Serialized files (Serialized files now loaded: 0)
Unloading 75 unused Assets / (17.1 MB). Loaded Objects now: 9103.
Memory consumption went from 0.65 GB to 0.63 GB.
Total: 25.828600 ms (FindLiveObjects: 0.726500 ms CreateObjectMapping: 0.871900 ms MarkObjects: 18.929900 ms  DeleteObjects: 5.297900 ms)

Curl error 6: Could not resolve host: cdp.cloud.unity3d.com
Curl error 6: Could not resolve host: cdp.cloud.unity3d.com

Asset Pipeline Refresh (id=3f1a885bb2b081a4b8df76f02f3a089c): Total: 0.332 seconds - Initiated by RefreshV2(AllowForceSynchronousImport)
	(Values over 0.05ms)
	Summary:
		Imports: total=0 (actual=0, local cache=0, cache server=0)
		Asset DB Process Time: managed=0 ms, native=287 ms
		Asset DB Callback time: managed=0 ms, native=44 ms
		Scripting: domain reloads=0, domain reload time=0 ms, compile time=0 ms, other=0 ms
		Project Asset Count: scripts=1382, non-scripts=2412
		Asset File Changes: new=0, changed=0, moved=0, deleted=0
		Scan Filter Count: 0
	InvokePackagesCallback: 44.894ms
	ApplyChangesToAssetFolders: 0.224ms
	Scan: 280.556ms
	Collect global state as custom dependencies: 0.426ms
	GatherAllCurrentPrimaryImportResultRevisions: 0.204ms
	UnloadStreamsBegin: 0.164ms
	UnloadStreamsEnd: 0.220ms
	Untracked: 4.897ms

Curl error 6: Could not resolve host: cdp.cloud.unity3d.com
Importing 'GUID: 70bb87f4f30b2dc47ba571c163315f6b - Path: Assets/EscenarioInicial.unity' with importer (DefaultImporter)
Imported 'GUID: 70bb87f4f30b2dc47ba571c163315f6b' -> (Import Result ID: '8f8d5aabf0d6d79adc8943227b4535d9') in 0.017 seconds [static dependencies only]. Details - ImportResultOutputID=d57512472ba560ad9f393ca13d04b0ff DependenciesID=bc07baa19d049a2cb0853c5bdc85f849 StaticDependenciesID=f940a4c89042dbf5164e5a007aabcfcc 
Refreshing native plugins compatible for Editor in 3.05 ms, found 4 plugins.

Asset Pipeline Refresh (id=dc026dd595f50d148a2b2962f1a992d3): Total: 0.356 seconds - Initiated by StopAssetImportingV2(NoUpdateAssetOptions)
	(Values over 0.05ms)
	Summary:
		Imports: total=1 (actual=1, local cache=0, cache server=0)
		Asset DB Process Time: managed=1 ms, native=111 ms
		Asset DB Callback time: managed=130 ms, native=111 ms
		Scripting: domain reloads=0, domain reload time=0 ms, compile time=0 ms, other=0 ms
		Project Asset Count: scripts=1382, non-scripts=2412
		Asset File Changes: new=0, changed=1, moved=0, deleted=0
		Scan Filter Count: 2
	ApplyChangesToAssetFolders: 0.137ms
	Scan: 18.323ms
	Collect global state as custom dependencies: 0.487ms
	OnSourceAssetsModified: 2.130ms
	ProcessAssetsWithTransientArtifactChanges: 0.178ms
	CategorizeAssets: 19.083ms
	ImportOutOfDateAssets: 70.280ms (8.994ms without children)
		ImportManagerImport: 19.586ms (1.661ms without children)
		ReloadNativeAssets: 0.076ms
		UnloadImportedAssets: 0.286ms
		EnsureUptoDateAssetsAreRegisteredWithGuidPM: 0.576ms
		ImportSchedulerStart: 40.743ms
	PostProcessAllAssets: 236.180ms
		XRBuildSystem.XRAssetImported 103.307ms
		MonoPostProcessAllAssets: 130.034ms
			AssetPostprocessor.OnPostprocessAllAssets 72.033ms
			SyncVS.PostprocessSyncProject 33.898ms
			BuilderAssetPostprocessor.OnPostprocessAllAssets 6.857ms
			ShaderGraphAssetPostProcessor.OnPostprocessAllAssets 3.381ms
			RetainedModeAssetPostprocessor.OnPostprocessAllAssets 1.534ms
			AssetChangedListener.OnPostprocessAllAssets 1.276ms
			TextAssetPostProcessor.OnPostprocessAllAssets 0.924ms
			MaterialPostprocessor.OnPostprocessAllAssets 0.865ms
			TMPro_TexturePostProcessor.OnPostprocessAllAssets 0.774ms
			ArtifactBrowserPostProcessor.OnPostprocessAllAssets 0.672ms
			UVCSAssetPostprocessor.OnPostprocessAllAssets 0.522ms
			AudioMixerPostprocessor.OnPostprocessAllAssets 0.441ms
			InputActionJsonNameModifierAssetProcessor.OnPostprocessAllAssets 0.437ms
			SpeedTreePostProcessor.OnPostprocessAllAssets 0.416ms
			PostProcessor.OnPostprocessAllAssets 0.408ms
			SampleDependencyImporterPostProcessor.OnPostprocessAllAssets 0.360ms
			SamplePostprocessor.OnPostprocessAllAssets 0.357ms
			StyleCatalogPostProcessor.OnPostprocessAllAssets 0.300ms
			AssetReloadNotifier.OnPostprocessAllAssets 0.295ms
			AssetEvents.OnPostprocessAllAssets 0.285ms
			ScenarioDriftAssetsTracker.OnPostprocessAllAssets 0.204ms
			ConfigAssetsTracker.OnPostprocessAllAssets 0.204ms
			RenderPipelineGlobalSettingsPostprocessor.OnPostprocessAllAssets 0.195ms
			InputActionAssetPostprocessor.OnPostprocessAllAssets 0.160ms
			AudioContainerPostProcessor.OnPostprocessAllAssets 0.086ms
	PostAssetChangesProfiler: 4.275ms
	GatherAllCurrentPrimaryImportResultRevisions: 0.218ms
	UnloadStreamsBegin: 0.077ms
	PersistCurrentRevisions: 0.226ms
	Untracked: 3.999ms

[Worker2] Imported GUID: 70bb87f4f30b2dc47ba571c163315f6b - Path: Assets/EscenarioInicial.unity - Importer: ScriptedImporter/UnityEditor.QuickSearchModule:UnityEditor.Search:ASIAI0B -> (ImportResultId: 'fef2b79b788b217022c37c4d7639a801') in 0.1513358 seconds
[Package Manager Window] Error while getting auth code: System.InvalidOperationException: Failed to call Unity ID to get auth code. State=DONE_FAILED, ResponseCode=0, URL=https://api.unity.com/v1/oauth2/authorize
UnityEngine.Debug:ExtractStackTraceNoAlloc (byte*,int,string)
UnityEngine.StackTraceUtility:ExtractStackTrace ()
UnityEngine.DebugLogHandler:Internal_Log (UnityEngine.LogType,UnityEngine.LogOption,string,UnityEngine.Object)
UnityEngine.DebugLogHandler:LogFormat (UnityEngine.LogType,UnityEngine.Object,string,object[])
UnityEngine.Logger:Log (UnityEngine.LogType,object)
UnityEngine.Debug:LogError (object)
UnityEditor.PackageManager.UI.Internal.AssetStoreOAuth:OnOperationError (string)
UnityEditor.PackageManager.UI.Internal.AssetStoreOAuth:<GetAuthCodeAndAccessToken>b__22_0 (UnityEditor.Connect.UnityOAuth/AuthCodeResponse)
UnityEditor.Connect.UnityOAuth/<>c__DisplayClass7_0:<GetAuthorizationCodeAsync>b__0 (UnityEditor.IAsyncHTTPClient)
UnityEditor.AsyncHTTPClient:Done (UnityEditor.AsyncHTTPClient/State,int)

[Package Manager Window] Error while getting product update details: Error while getting auth code: System.InvalidOperationException: Failed to call Unity ID to get auth code. State=DONE_FAILED, ResponseCode=0, URL=https://api.unity.com/v1/oauth2/authorize
UnityEngine.Debug:ExtractStackTraceNoAlloc (byte*,int,string)
UnityEngine.StackTraceUtility:ExtractStackTrace ()
UnityEngine.DebugLogHandler:Internal_Log (UnityEngine.LogType,UnityEngine.LogOption,string,UnityEngine.Object)
UnityEngine.DebugLogHandler:LogFormat (UnityEngine.LogType,UnityEngine.Object,string,object[])
UnityEngine.Logger:Log (UnityEngine.LogType,object)
UnityEngine.Debug:Log (object)
UnityEditor.PackageManager.UI.Internal.AssetStoreClientV2/<>c__DisplayClass27_0:<FetchUpdateInfos>b__1 (UnityEditor.PackageManager.UI.Internal.UIError)
UnityEditor.PackageManager.UI.Internal.AssetStoreOAuth:OnOperationError (string)
UnityEditor.PackageManager.UI.Internal.AssetStoreOAuth:<GetAuthCodeAndAccessToken>b__22_0 (UnityEditor.Connect.UnityOAuth/AuthCodeResponse)
UnityEditor.Connect.UnityOAuth/<>c__DisplayClass7_0:<GetAuthorizationCodeAsync>b__0 (UnityEditor.IAsyncHTTPClient)
UnityEditor.AsyncHTTPClient:Done (UnityEditor.AsyncHTTPClient/State,int)

[Worker2] Imported GUID: 3b216635de9f13d4089e7d00f654c703 - Path: Assets/POLY STYLE - Platformer Starter Pack - Importer: PreviewImporter -> (ImportResultId: '18909a6887f055bb5c6299aec6ca07fa') in 0.0150342 seconds
[Worker2] Imported GUID: 679bbe32338fbe8418aa52d1eb89c1b3 - Path: Assets/POLY STYLE - Platformer Starter Pack/Platformer Starter Pack_URP/Art - Importer: PreviewImporter -> (ImportResultId: 'c2585991857d95b6b558843b5353f15a') in 0.0141983 seconds
Curl error 6: Could not resolve host: cdp.cloud.unity3d.com
Curl error 6: Could not resolve host: cdp.cloud.unity3d.com
Curl error 6: Could not resolve host: cdp.cloud.unity3d.com
Asset Pipeline Refresh (id=22e53d3961f715f4180233d13ba557d6): Total: 0.021 seconds - Initiated by RefreshV2(AllowForceSynchronousImport)
Asset Pipeline Refresh (id=19883f639c09e384aae6ec479b70fbc4): Total: 0.007 seconds - Initiated by RefreshV2(AllowForceSynchronousImport)
Asset Pipeline Refresh (id=bd6e3849aa8044448ac8fcf1c172f553): Total: 0.009 seconds - Initiated by RefreshV2(AllowForceSynchronousImport)
Curl error 6: Could not resolve host: cdp.cloud.unity3d.com
Curl error 6: Could not resolve host: cdp.cloud.unity3d.com
Loaded scene 'Library/Unused/21632e411272d3b40b2d5d28fb822d66'
	Deserialize:            3.322 ms
	Integration:            0.953 ms
	Integration of assets:  0.005 ms
	Thread Wait Time:       0.028 ms
	Total Operation Time:   4.308 ms
Unloading 43 Unused Serialized files (Serialized files now loaded: 0)
Unloading 453 unused Assets / (4.7 MB). Loaded Objects now: 10243.
Memory consumption went from 0.68 GB to 0.67 GB.
Total: 24.785300 ms (FindLiveObjects: 1.252200 ms CreateObjectMapping: 1.710400 ms MarkObjects: 19.720700 ms  DeleteObjects: 2.099800 ms)

Unloading 1 Unused Serialized files (Serialized files now loaded: 0)
Unloading 1 unused Assets / (60.7 KB). Loaded Objects now: 9760.
Memory consumption went from 0.67 GB to 0.67 GB.
Total: 22.606100 ms (FindLiveObjects: 0.825200 ms CreateObjectMapping: 1.656600 ms MarkObjects: 20.069400 ms  DeleteObjects: 0.051700 ms)

[Package Manager Window] Error while getting auth code: System.InvalidOperationException: Failed to call Unity ID to get auth code. State=DONE_FAILED, ResponseCode=400, URL=https://api.unity.com/v1/oauth2/authorize
UnityEngine.Debug:ExtractStackTraceNoAlloc (byte*,int,string)
UnityEngine.StackTraceUtility:ExtractStackTrace ()
UnityEngine.DebugLogHandler:Internal_Log (UnityEngine.LogType,UnityEngine.LogOption,string,UnityEngine.Object)
UnityEngine.DebugLogHandler:LogFormat (UnityEngine.LogType,UnityEngine.Object,string,object[])
UnityEngine.Logger:Log (UnityEngine.LogType,object)
UnityEngine.Debug:LogError (object)
UnityEditor.PackageManager.UI.Internal.AssetStoreOAuth:OnOperationError (string)
UnityEditor.PackageManager.UI.Internal.AssetStoreOAuth:<GetAuthCodeAndAccessToken>b__22_0 (UnityEditor.Connect.UnityOAuth/AuthCodeResponse)
UnityEditor.Connect.UnityOAuth/<>c__DisplayClass7_0:<GetAuthorizationCodeAsync>b__0 (UnityEditor.IAsyncHTTPClient)
UnityEditor.AsyncHTTPClient:Done (UnityEditor.AsyncHTTPClient/State,int)

Asset Pipeline Refresh (id=4e4300029d5382245a68828e70d12ec8): Total: 0.011 seconds - Initiated by RefreshV2(AllowForceSynchronousImport)
[Licensing::Client] Successfully updated the access token
[Licensing::Module] Successfully updated access token: "J5VKibgO"... (expires: 2026-08-22T03:58:08Z)
UPID Received '7e9553de-eb65-4ff0-8bd1-b0d58885f18e'.
[Licensing::Client] Successfully resolved entitlement details
Importing 'GUID: 70bb87f4f30b2dc47ba571c163315f6b - Path: Assets/EscenarioInicial.unity' with importer (DefaultImporter)
Imported 'GUID: 70bb87f4f30b2dc47ba571c163315f6b' -> (Import Result ID: '9b76c009582a6833cde94c921085aded') in 0.002 seconds [static dependencies only]. Details - ImportResultOutputID=d57512472ba560ad9f393ca13d04b0ff DependenciesID=30ed7ab4c9fdb661181fdb7e91afcd6a StaticDependenciesID=1f8e042661ca8c7cba3fd8f19345befc 
Refreshing native plugins compatible for Editor in 3.58 ms, found 4 plugins.
Asset Pipeline Refresh (id=c87491248462d45409866b97cbadab03): Total: 0.112 seconds - Initiated by StopAssetImportingV2(NoUpdateAssetOptions)
[Worker2] Imported GUID: 70bb87f4f30b2dc47ba571c163315f6b - Path: Assets/EscenarioInicial.unity - Importer: ScriptedImporter/UnityEditor.QuickSearchModule:UnityEditor.Search:ASIAI0B -> (ImportResultId: '6ad6577a9555df3cbd7566e7474fc2e9') in 0.0198933 seconds
Asset Pipeline Refresh (id=8177084218351b54492eb5744e3bbcec): Total: 0.018 seconds - Initiated by RefreshV2(AllowForceSynchronousImport)
Asset Pipeline Refresh (id=f3d5d45f828be754f97c57541e260747): Total: 0.009 seconds - Initiated by RefreshV2(AllowForceSynchronousImport)
Loaded scene 'Library/Unused/3e50820876407ee4e9783423c407987d'
	Deserialize:            2.915 ms
	Integration:            0.337 ms
	Integration of assets:  0.002 ms
	Thread Wait Time:       0.026 ms
	Total Operation Time:   3.279 ms
Unloading 1 Unused Serialized files (Serialized files now loaded: 0)
Unloading 379 unused Assets / (0.7 MB). Loaded Objects now: 10042.
Memory consumption went from 0.68 GB to 0.68 GB.
Total: 23.320900 ms (FindLiveObjects: 1.066000 ms CreateObjectMapping: 1.814300 ms MarkObjects: 19.735200 ms  DeleteObjects: 0.703200 ms)

Unloading 3 Unused Serialized files (Serialized files now loaded: 0)
Unloading 0 unused Assets / (60.7 KB). Loaded Objects now: 9554.
Memory consumption went from 0.71 GB to 0.71 GB.
Total: 22.895400 ms (FindLiveObjects: 0.936600 ms CreateObjectMapping: 1.565500 ms MarkObjects: 20.339200 ms  DeleteObjects: 0.051600 ms)

Importing 'GUID: 70bb87f4f30b2dc47ba571c163315f6b - Path: Assets/EscenarioInicial.unity' with importer (DefaultImporter)
Imported 'GUID: 70bb87f4f30b2dc47ba571c163315f6b' -> (Import Result ID: '272d0eb79d3d5ba4d1939ca9152fcddd') in 0.002 seconds [static dependencies only]. Details - ImportResultOutputID=d57512472ba560ad9f393ca13d04b0ff DependenciesID=d83d79a77ada39dc728caa109e0283a7 StaticDependenciesID=6517cf43c0258b339cf65bebb2435b47 
Refreshing native plugins compatible for Editor in 2.81 ms, found 4 plugins.
Asset Pipeline Refresh (id=bca31f5748f992549a50fb365a3da6a9): Total: 0.103 seconds - Initiated by StopAssetImportingV2(NoUpdateAssetOptions)
MonoPathRemapper: Attempts to remap: 58330; Successful remaps: 23690
Serialized file version minimum: 22, current 23
[LAYOUT] About to save layout C:\Users\diego\OneDrive\Documentos\GitHub\TP-Inicial---Me-quedo-o-me-voy\Me quedo o me voy\UserSettings\Layouts\default-6000.dwlt
[LAYOUT] About to save layout C:/Users/diego/AppData/Roaming/Unity/Editor-5.x/Preferences\Layouts\current\default-6000.dwlt
Input System module state changed to: ShutdownInProgress.
Input Polling Thread exited.
Input System module state changed to: Shutdown.
[Physics::Module] Cleanup current backend.
[Physics::Module] Id: 0xf2b8ea05
[Licensing::IpcConnector] LicenseClient-diego-6000.5.8-notifications channel disconnected successfully.
[Licensing::IpcConnector] LicenseClient-diego-6000.5.8 channel disconnected successfully.
Shut down.
Lingering sessions upon destruction of worker manager
AcceleratorClientConnectionCallback - disconnected - :0
Cleanup mono
CodeReloadManager destroyed
debugger-agent: Unable to listen on 4152
Checking for leaked weakptr:
  Found no leaked weakptrs.
[Package Manager] Server process was shutdown
##utp:{"type":"MemoryLeaks","version":2,"phase":"Immediate","time":1787364071023,"processId":28852,"allocatedMemory":52382627,"memoryLabels":[{"Default":251006},{"Permanent":15516},{"NewDelete":68613},{"Thread":4197560},{"Manager":820421},{"VertexData":8},{"Geometry":816},{"Texture":24},{"Shader":858523},{"Material":24},{"GfxDevice":55328},{"Animation":952},{"Audio":1544},{"FreeType":8},{"FontEngine":736},{"Physics":2146},{"Physics2D":16},{"Serialization":1176},{"Input":45280},{"JobScheduler":256},{"TextLib":19030},{"Mono":48},{"MonoCode":64},{"ScriptingNativeRuntime":1609004},{"BaseObject":1622024},{"Resource":1208},{"Renderer":3080},{"Transform":4685},{"File":66450},{"WebCam":616},{"Culling":32},{"Terrain":11442},{"Wind":24},{"STL":40},{"String":10062},{"StaticString":3808},{"Utility":2673509},{"PoolAlloc":2360},{"AI":80},{"TypeTree":18017},{"CodeReload":448},{"RuntimeInitializeOnLoadManager":64},{"Sprites":102},{"SpriteAtlas":120},{"GI":7816},{"Director":8296},{"CloudService":7208},{"WebRequest":552},{"VR":47114},{"SceneManager":608},{"Video":208},{"LazyScriptCache":32},{"NativeArray":33085468},{"Camera":17},{"Secure":265},{"SerializationCache":1576},{"APIUpdating":10320},{"Subsystems":336},{"VirtualTexturing":57888},{"StaticSafetyDebugInfo":278528},{"Analytics":552},{"Hierarchy":1176},{"UIElements":1194520},{"CoreStats":13688},{"Identifiers":6768},{"Gui":268058},{"EditorUtility":217540},{"VersionControl":8},{"Undo":931},{"AssetDatabase":4755802},{"AssetImporter":40},{"EditorGi":328},{"UnityConnect":35345},{"Upm":1988},{"UpmDiagnostics":8},{"AssetCompliance":64},{"DrivenProperties":72},{"LocalIPC":211},{"ProfilerEditor":9746},{"CoreBusinessMetrics":3480},{"Windowing":456},{"Licensing":664},{"AssetReference":32},{"IPCStream":32}]}
